Archive member included because of file (symbol)

/usr/lib/gcc/avr/4.7.2/avr5/libgcc.a(_exit.o)
                              /usr/lib/gcc/avr/4.7.2/../../../avr/lib/avr5/crtm328p.o (exit)
/usr/lib/gcc/avr/4.7.2/avr5/libgcc.a(_copy_data.o)
                              sysmods/uart.o (__do_copy_data)
/usr/lib/gcc/avr/4.7.2/avr5/libgcc.a(_clear_bss.o)
                              sysmods/digitalrw.o (__do_clear_bss)
/usr/lib/gcc/avr/4.7.2/../../../avr/lib/avr5/libc.a(malloc.o)
                              sysmods/list.o (malloc)
/usr/lib/gcc/avr/4.7.2/../../../avr/lib/avr5/libc.a(iob.o)
                              sysmods/uart.o (__iob)
/usr/lib/gcc/avr/4.7.2/../../../avr/lib/avr5/libc.a(printf.o)
                              usermods/example.o (printf)
/usr/lib/gcc/avr/4.7.2/../../../avr/lib/avr5/libc.a(vfprintf_std.o)
                              /usr/lib/gcc/avr/4.7.2/../../../avr/lib/avr5/libc.a(printf.o) (vfprintf)
/usr/lib/gcc/avr/4.7.2/../../../avr/lib/avr5/libc.a(strnlen_P.o)
                              /usr/lib/gcc/avr/4.7.2/../../../avr/lib/avr5/libc.a(vfprintf_std.o) (strnlen_P)
/usr/lib/gcc/avr/4.7.2/../../../avr/lib/avr5/libc.a(strnlen.o)
                              /usr/lib/gcc/avr/4.7.2/../../../avr/lib/avr5/libc.a(vfprintf_std.o) (strnlen)
/usr/lib/gcc/avr/4.7.2/../../../avr/lib/avr5/libc.a(fputc.o)
                              /usr/lib/gcc/avr/4.7.2/../../../avr/lib/avr5/libc.a(vfprintf_std.o) (fputc)
/usr/lib/gcc/avr/4.7.2/../../../avr/lib/avr5/libc.a(ultoa_invert.o)
                              /usr/lib/gcc/avr/4.7.2/../../../avr/lib/avr5/libc.a(vfprintf_std.o) (__ultoa_invert)
/usr/lib/gcc/avr/4.7.2/avr5/libgcc.a(_prologue.o)
                              /usr/lib/gcc/avr/4.7.2/../../../avr/lib/avr5/libc.a(printf.o) (__prologue_saves__)
/usr/lib/gcc/avr/4.7.2/avr5/libgcc.a(_epilogue.o)
                              /usr/lib/gcc/avr/4.7.2/../../../avr/lib/avr5/libc.a(malloc.o) (__epilogue_restores__)

Allocating common symbols
Common symbol       size              file

EXAMPLE_timer_pwm   0x1               usermods/example.o
PWM_head            0x2               sysmods/pwm.o
second              0x1               usermods/example.o
PWM_timer           0x4               sysmods/pwm.o
EXAMPLE_timer_adc   0x1               usermods/example.o
__brkval            0x2               /usr/lib/gcc/avr/4.7.2/../../../avr/lib/avr5/libc.a(malloc.o)
pwm_value           0x1               usermods/example.o
LED_timer           0x1               sysmods/led.o
DIGITALRW_head      0x2               sysmods/digitalrw.o
DIGITALRW_timer     0x4               sysmods/digitalrw.o
__flp               0x2               /usr/lib/gcc/avr/4.7.2/../../../avr/lib/avr5/libc.a(malloc.o)
__iob               0x6               /usr/lib/gcc/avr/4.7.2/../../../avr/lib/avr5/libc.a(iob.o)

Memory Configuration

Name             Origin             Length             Attributes
text             0x0000000000000000 0x0000000000020000 xr
data             0x0000000000800060 0x000000000000ffa0 rw !x
eeprom           0x0000000000810000 0x0000000000010000 rw !x
fuse             0x0000000000820000 0x0000000000000400 rw !x
lock             0x0000000000830000 0x0000000000000400 rw !x
signature        0x0000000000840000 0x0000000000000400 rw !x
*default*        0x0000000000000000 0xffffffffffffffff

Linker script and memory map

Address of section .data set to 0x800100
LOAD /usr/lib/gcc/avr/4.7.2/../../../avr/lib/avr5/crtm328p.o
LOAD main.o
LOAD sysmods/adc.o
LOAD sysmods/digitalrw.o
LOAD sysmods/led.o
LOAD sysmods/list.o
LOAD sysmods/pwm.o
LOAD sysmods/time.o
LOAD sysmods/uart.o
LOAD usermods/example.o
LOAD /usr/lib/gcc/avr/4.7.2/avr5/libgcc.a
LOAD /usr/lib/gcc/avr/4.7.2/../../../avr/lib/avr5/libc.a
LOAD /usr/lib/gcc/avr/4.7.2/avr5/libgcc.a

.hash
 *(.hash)

.dynsym
 *(.dynsym)

.dynstr
 *(.dynstr)

.gnu.version
 *(.gnu.version)

.gnu.version_d
 *(.gnu.version_d)

.gnu.version_r
 *(.gnu.version_r)

.rel.init
 *(.rel.init)

.rela.init
 *(.rela.init)

.rel.text
 *(.rel.text)
 *(.rel.text.*)
 *(.rel.gnu.linkonce.t*)

.rela.text
 *(.rela.text)
 *(.rela.text.*)
 *(.rela.gnu.linkonce.t*)

.rel.fini
 *(.rel.fini)

.rela.fini
 *(.rela.fini)

.rel.rodata
 *(.rel.rodata)
 *(.rel.rodata.*)
 *(.rel.gnu.linkonce.r*)

.rela.rodata
 *(.rela.rodata)
 *(.rela.rodata.*)
 *(.rela.gnu.linkonce.r*)

.rel.data
 *(.rel.data)
 *(.rel.data.*)
 *(.rel.gnu.linkonce.d*)

.rela.data
 *(.rela.data)
 *(.rela.data.*)
 *(.rela.gnu.linkonce.d*)

.rel.ctors
 *(.rel.ctors)

.rela.ctors
 *(.rela.ctors)

.rel.dtors
 *(.rel.dtors)

.rela.dtors
 *(.rela.dtors)

.rel.got
 *(.rel.got)

.rela.got
 *(.rela.got)

.rel.bss
 *(.rel.bss)

.rela.bss
 *(.rela.bss)

.rel.plt
 *(.rel.plt)

.rela.plt
 *(.rela.plt)

.text           0x0000000000000000      0xdd8
 *(.vectors)
 .vectors       0x0000000000000000       0x68 /usr/lib/gcc/avr/4.7.2/../../../avr/lib/avr5/crtm328p.o
                0x0000000000000000                __vectors
                0x0000000000000000                __vector_default
 *(.vectors)
 *(.progmem.gcc*)
 *(.progmem*)
                0x0000000000000068                . = ALIGN (0x2)
                0x0000000000000068                __trampolines_start = .
 *(.trampolines)
 .trampolines   0x0000000000000068        0x0 linker stubs
 *(.trampolines*)
                0x0000000000000068                __trampolines_end = .
 *(.jumptables)
 *(.jumptables*)
 *(.lowtext)
 *(.lowtext*)
                0x0000000000000068                __ctors_start = .
 *(.ctors)
                0x0000000000000068                __ctors_end = .
                0x0000000000000068                __dtors_start = .
 *(.dtors)
                0x0000000000000068                __dtors_end = .
 SORT(*)(.ctors)
 SORT(*)(.dtors)
 *(.init0)
 .init0         0x0000000000000068        0x0 /usr/lib/gcc/avr/4.7.2/../../../avr/lib/avr5/crtm328p.o
                0x0000000000000068                __init
 *(.init0)
 *(.init1)
 *(.init1)
 *(.init2)
 .init2         0x0000000000000068        0xc /usr/lib/gcc/avr/4.7.2/../../../avr/lib/avr5/crtm328p.o
 *(.init2)
 *(.init3)
 *(.init3)
 *(.init4)
 .init4         0x0000000000000074       0x16 /usr/lib/gcc/avr/4.7.2/avr5/libgcc.a(_copy_data.o)
                0x0000000000000074                __do_copy_data
 .init4         0x000000000000008a       0x10 /usr/lib/gcc/avr/4.7.2/avr5/libgcc.a(_clear_bss.o)
                0x000000000000008a                __do_clear_bss
 *(.init4)
 *(.init5)
 *(.init5)
 *(.init6)
 *(.init6)
 *(.init7)
 *(.init7)
 *(.init8)
 *(.init8)
 *(.init9)
 .init9         0x000000000000009a        0x4 /usr/lib/gcc/avr/4.7.2/../../../avr/lib/avr5/crtm328p.o
 *(.init9)
 *(.text)
 .text          0x000000000000009e        0x2 /usr/lib/gcc/avr/4.7.2/../../../avr/lib/avr5/crtm328p.o
                0x000000000000009e                __vector_22
                0x000000000000009e                __vector_1
                0x000000000000009e                __vector_24
                0x000000000000009e                __vector_12
                0x000000000000009e                __bad_interrupt
                0x000000000000009e                __vector_6
                0x000000000000009e                __vector_3
                0x000000000000009e                __vector_23
                0x000000000000009e                __vector_25
                0x000000000000009e                __vector_13
                0x000000000000009e                __vector_17
                0x000000000000009e                __vector_19
                0x000000000000009e                __vector_7
                0x000000000000009e                __vector_5
                0x000000000000009e                __vector_4
                0x000000000000009e                __vector_9
                0x000000000000009e                __vector_2
                0x000000000000009e                __vector_21
                0x000000000000009e                __vector_15
                0x000000000000009e                __vector_8
                0x000000000000009e                __vector_14
                0x000000000000009e                __vector_10
                0x000000000000009e                __vector_16
                0x000000000000009e                __vector_18
                0x000000000000009e                __vector_20
 .text          0x00000000000000a0       0x12 main.o
                0x00000000000000a0                avr_init
 .text          0x00000000000000b2       0x94 sysmods/adc.o
                0x00000000000000da                ADC_init_10bit
                0x00000000000000f0                ADC_init_8bit
                0x0000000000000106                ADC_read_10bit
                0x0000000000000114                ADC_read_8bit
                0x000000000000011c                ADC_off
                0x0000000000000128                ADC_ref_AVCC
                0x000000000000013a                ADC_ref_1V
 .text          0x0000000000000146       0x96 sysmods/digitalrw.o
                0x0000000000000146                DIGITALRW_toggle_func
                0x000000000000015e                DIGITALRW_init
                0x0000000000000160                DIGITALRW_write_timed
                0x00000000000001c2                DIGITALRW_task
 .text          0x00000000000001dc       0x48 sysmods/led.o
                0x00000000000001dc                LED_init
                0x00000000000001e6                LED_task
 .text          0x0000000000000224      0x116 sysmods/list.o
                0x0000000000000224                LIST_insert
                0x00000000000002a0                LIST_remove_expired
 .text          0x000000000000033a       0xa6 sysmods/pwm.o
                0x000000000000033a                PWM_reset_expired
                0x0000000000000342                PWM_init
                0x0000000000000392                PWM_write_timed
                0x00000000000003c6                PWM_task
 .text          0x00000000000003e0      0x126 sysmods/time.o
                0x00000000000003e0                TIME_init
                0x00000000000003fa                __vector_11
                0x0000000000000436                TIME_task
 .text          0x0000000000000506       0x64 sysmods/uart.o
                0x0000000000000506                UART_putchar
                0x0000000000000522                UART_getchar
                0x0000000000000530                UART_init
 .text          0x000000000000056a       0x68 usermods/example.o
                0x000000000000056a                EXAMPLE_init
                0x000000000000056c                EXAMPLE_task
 .text          0x00000000000005d2        0x0 /usr/lib/gcc/avr/4.7.2/avr5/libgcc.a(_exit.o)
 .text          0x00000000000005d2        0x0 /usr/lib/gcc/avr/4.7.2/avr5/libgcc.a(_copy_data.o)
 .text          0x00000000000005d2        0x0 /usr/lib/gcc/avr/4.7.2/avr5/libgcc.a(_clear_bss.o)
 .text          0x00000000000005d2        0x0 /usr/lib/gcc/avr/4.7.2/../../../avr/lib/avr5/libc.a(malloc.o)
 .text          0x00000000000005d2        0x0 /usr/lib/gcc/avr/4.7.2/../../../avr/lib/avr5/libc.a(iob.o)
 .text          0x00000000000005d2        0x0 /usr/lib/gcc/avr/4.7.2/../../../avr/lib/avr5/libc.a(printf.o)
 .text          0x00000000000005d2        0x0 /usr/lib/gcc/avr/4.7.2/../../../avr/lib/avr5/libc.a(vfprintf_std.o)
 .text          0x00000000000005d2        0x0 /usr/lib/gcc/avr/4.7.2/../../../avr/lib/avr5/libc.a(strnlen_P.o)
 .text          0x00000000000005d2        0x0 /usr/lib/gcc/avr/4.7.2/../../../avr/lib/avr5/libc.a(strnlen.o)
 .text          0x00000000000005d2        0x0 /usr/lib/gcc/avr/4.7.2/../../../avr/lib/avr5/libc.a(fputc.o)
 .text          0x00000000000005d2        0x0 /usr/lib/gcc/avr/4.7.2/../../../avr/lib/avr5/libc.a(ultoa_invert.o)
 .text          0x00000000000005d2        0x0 /usr/lib/gcc/avr/4.7.2/avr5/libgcc.a(_prologue.o)
 .text          0x00000000000005d2        0x0 /usr/lib/gcc/avr/4.7.2/avr5/libgcc.a(_epilogue.o)
                0x00000000000005d2                . = ALIGN (0x2)
 *(.text.*)
 .text.startup  0x00000000000005d2       0x24 main.o
                0x00000000000005d2                main
 .text.libgcc.mul
                0x00000000000005f6        0x0 /usr/lib/gcc/avr/4.7.2/avr5/libgcc.a(_exit.o)
 .text.libgcc.div
                0x00000000000005f6        0x0 /usr/lib/gcc/avr/4.7.2/avr5/libgcc.a(_exit.o)
 .text.libgcc   0x00000000000005f6        0x0 /usr/lib/gcc/avr/4.7.2/avr5/libgcc.a(_exit.o)
 .text.libgcc.prologue
                0x00000000000005f6        0x0 /usr/lib/gcc/avr/4.7.2/avr5/libgcc.a(_exit.o)
 .text.libgcc.builtins
                0x00000000000005f6        0x0 /usr/lib/gcc/avr/4.7.2/avr5/libgcc.a(_exit.o)
 .text.libgcc.fmul
                0x00000000000005f6        0x0 /usr/lib/gcc/avr/4.7.2/avr5/libgcc.a(_exit.o)
 .text.libgcc.mul
                0x00000000000005f6        0x0 /usr/lib/gcc/avr/4.7.2/avr5/libgcc.a(_copy_data.o)
 .text.libgcc.div
                0x00000000000005f6        0x0 /usr/lib/gcc/avr/4.7.2/avr5/libgcc.a(_copy_data.o)
 .text.libgcc   0x00000000000005f6        0x0 /usr/lib/gcc/avr/4.7.2/avr5/libgcc.a(_copy_data.o)
 .text.libgcc.prologue
                0x00000000000005f6        0x0 /usr/lib/gcc/avr/4.7.2/avr5/libgcc.a(_copy_data.o)
 .text.libgcc.builtins
                0x00000000000005f6        0x0 /usr/lib/gcc/avr/4.7.2/avr5/libgcc.a(_copy_data.o)
 .text.libgcc.fmul
                0x00000000000005f6        0x0 /usr/lib/gcc/avr/4.7.2/avr5/libgcc.a(_copy_data.o)
 .text.libgcc.mul
                0x00000000000005f6        0x0 /usr/lib/gcc/avr/4.7.2/avr5/libgcc.a(_clear_bss.o)
 .text.libgcc.div
                0x00000000000005f6        0x0 /usr/lib/gcc/avr/4.7.2/avr5/libgcc.a(_clear_bss.o)
 .text.libgcc   0x00000000000005f6        0x0 /usr/lib/gcc/avr/4.7.2/avr5/libgcc.a(_clear_bss.o)
 .text.libgcc.prologue
                0x00000000000005f6        0x0 /usr/lib/gcc/avr/4.7.2/avr5/libgcc.a(_clear_bss.o)
 .text.libgcc.builtins
                0x00000000000005f6        0x0 /usr/lib/gcc/avr/4.7.2/avr5/libgcc.a(_clear_bss.o)
 .text.libgcc.fmul
                0x00000000000005f6        0x0 /usr/lib/gcc/avr/4.7.2/avr5/libgcc.a(_clear_bss.o)
 .text.avr-libc
                0x00000000000005f6      0x26c /usr/lib/gcc/avr/4.7.2/../../../avr/lib/avr5/libc.a(malloc.o)
                0x00000000000005f6                malloc
                0x000000000000072c                free
 .text.avr-libc
                0x0000000000000862       0x28 /usr/lib/gcc/avr/4.7.2/../../../avr/lib/avr5/libc.a(printf.o)
                0x0000000000000862                printf
 .text.avr-libc
                0x000000000000088a      0x39c /usr/lib/gcc/avr/4.7.2/../../../avr/lib/avr5/libc.a(vfprintf_std.o)
                0x000000000000088a                vfprintf
 .text.avr-libc
                0x0000000000000c26       0x16 /usr/lib/gcc/avr/4.7.2/../../../avr/lib/avr5/libc.a(strnlen_P.o)
                0x0000000000000c26                strnlen_P
 .text.avr-libc
                0x0000000000000c3c       0x16 /usr/lib/gcc/avr/4.7.2/../../../avr/lib/avr5/libc.a(strnlen.o)
                0x0000000000000c3c                strnlen
 .text.avr-libc
                0x0000000000000c52       0x58 /usr/lib/gcc/avr/4.7.2/../../../avr/lib/avr5/libc.a(fputc.o)
                0x0000000000000c52                fputc
 .text.avr-libc
                0x0000000000000caa       0xbc /usr/lib/gcc/avr/4.7.2/../../../avr/lib/avr5/libc.a(ultoa_invert.o)
                0x0000000000000caa                __ultoa_invert
 .text.libgcc.mul
                0x0000000000000d66        0x0 /usr/lib/gcc/avr/4.7.2/avr5/libgcc.a(_prologue.o)
 .text.libgcc.div
                0x0000000000000d66        0x0 /usr/lib/gcc/avr/4.7.2/avr5/libgcc.a(_prologue.o)
 .text.libgcc   0x0000000000000d66        0x0 /usr/lib/gcc/avr/4.7.2/avr5/libgcc.a(_prologue.o)
 .text.libgcc.prologue
                0x0000000000000d66       0x38 /usr/lib/gcc/avr/4.7.2/avr5/libgcc.a(_prologue.o)
                0x0000000000000d66                __prologue_saves__
 .text.libgcc.builtins
                0x0000000000000d9e        0x0 /usr/lib/gcc/avr/4.7.2/avr5/libgcc.a(_prologue.o)
 .text.libgcc.fmul
                0x0000000000000d9e        0x0 /usr/lib/gcc/avr/4.7.2/avr5/libgcc.a(_prologue.o)
 .text.libgcc.mul
                0x0000000000000d9e        0x0 /usr/lib/gcc/avr/4.7.2/avr5/libgcc.a(_epilogue.o)
 .text.libgcc.div
                0x0000000000000d9e        0x0 /usr/lib/gcc/avr/4.7.2/avr5/libgcc.a(_epilogue.o)
 .text.libgcc   0x0000000000000d9e        0x0 /usr/lib/gcc/avr/4.7.2/avr5/libgcc.a(_epilogue.o)
 .text.libgcc.prologue
                0x0000000000000d9e       0x36 /usr/lib/gcc/avr/4.7.2/avr5/libgcc.a(_epilogue.o)
                0x0000000000000d9e                __epilogue_restores__
 .text.libgcc.builtins
                0x0000000000000dd4        0x0 /usr/lib/gcc/avr/4.7.2/avr5/libgcc.a(_epilogue.o)
 .text.libgcc.fmul
                0x0000000000000dd4        0x0 /usr/lib/gcc/avr/4.7.2/avr5/libgcc.a(_epilogue.o)
                0x0000000000000dd4                . = ALIGN (0x2)
 *(.fini9)
 .fini9         0x0000000000000dd4        0x0 /usr/lib/gcc/avr/4.7.2/avr5/libgcc.a(_exit.o)
                0x0000000000000dd4                exit
                0x0000000000000dd4                _exit
 *(.fini9)
 *(.fini8)
 *(.fini8)
 *(.fini7)
 *(.fini7)
 *(.fini6)
 *(.fini6)
 *(.fini5)
 *(.fini5)
 *(.fini4)
 *(.fini4)
 *(.fini3)
 *(.fini3)
 *(.fini2)
 *(.fini2)
 *(.fini1)
 *(.fini1)
 *(.fini0)
 .fini0         0x0000000000000dd4        0x4 /usr/lib/gcc/avr/4.7.2/avr5/libgcc.a(_exit.o)
 *(.fini0)
                0x0000000000000dd8                _etext = .

.data           0x0000000000800100       0x5e load address 0x0000000000000dd8
                0x0000000000800100                PROVIDE (__data_start, .)
 *(.data)
 .data          0x0000000000800100        0x0 /usr/lib/gcc/avr/4.7.2/../../../avr/lib/avr5/crtm328p.o
 .data          0x0000000000800100        0x0 main.o
 .data          0x0000000000800100        0x0 sysmods/adc.o
 .data          0x0000000000800100        0x0 sysmods/digitalrw.o
 .data          0x0000000000800100        0x0 sysmods/led.o
 .data          0x0000000000800100        0x0 sysmods/list.o
 .data          0x0000000000800100        0x0 sysmods/pwm.o
 .data          0x0000000000800100        0x0 sysmods/time.o
 .data          0x0000000000800100       0x1c sysmods/uart.o
                0x0000000000800100                UART_input
                0x000000000080010e                UART_output
 .data          0x000000000080011c        0x0 usermods/example.o
 .data          0x000000000080011c        0x0 /usr/lib/gcc/avr/4.7.2/avr5/libgcc.a(_exit.o)
 .data          0x000000000080011c        0x0 /usr/lib/gcc/avr/4.7.2/avr5/libgcc.a(_copy_data.o)
 .data          0x000000000080011c        0x0 /usr/lib/gcc/avr/4.7.2/avr5/libgcc.a(_clear_bss.o)
 .data          0x000000000080011c        0x6 /usr/lib/gcc/avr/4.7.2/../../../avr/lib/avr5/libc.a(malloc.o)
                0x000000000080011c                __malloc_heap_end
                0x000000000080011e                __malloc_heap_start
                0x0000000000800120                __malloc_margin
 .data          0x0000000000800122        0x0 /usr/lib/gcc/avr/4.7.2/../../../avr/lib/avr5/libc.a(iob.o)
 .data          0x0000000000800122        0x0 /usr/lib/gcc/avr/4.7.2/../../../avr/lib/avr5/libc.a(printf.o)
 .data          0x0000000000800122        0x0 /usr/lib/gcc/avr/4.7.2/../../../avr/lib/avr5/libc.a(vfprintf_std.o)
 .data          0x0000000000800122        0x0 /usr/lib/gcc/avr/4.7.2/../../../avr/lib/avr5/libc.a(strnlen_P.o)
 .data          0x0000000000800122        0x0 /usr/lib/gcc/avr/4.7.2/../../../avr/lib/avr5/libc.a(strnlen.o)
 .data          0x0000000000800122        0x0 /usr/lib/gcc/avr/4.7.2/../../../avr/lib/avr5/libc.a(fputc.o)
 .data          0x0000000000800122        0x0 /usr/lib/gcc/avr/4.7.2/../../../avr/lib/avr5/libc.a(ultoa_invert.o)
 .data          0x0000000000800122        0x0 /usr/lib/gcc/avr/4.7.2/avr5/libgcc.a(_prologue.o)
 .data          0x0000000000800122        0x0 /usr/lib/gcc/avr/4.7.2/avr5/libgcc.a(_epilogue.o)
 *(.data*)
 *(.rodata)
 *(.rodata*)
 .rodata.str1.1
                0x0000000000800122       0x3b usermods/example.o
 *(.gnu.linkonce.d*)
                0x000000000080015e                . = ALIGN (0x2)
 *fill*         0x000000000080015d        0x1 00
                0x000000000080015e                _edata = .
                0x000000000080015e                PROVIDE (__data_end, .)

.bss            0x000000000080015e       0x23
                0x000000000080015e                PROVIDE (__bss_start, .)
 *(.bss)
 .bss           0x000000000080015e        0x0 /usr/lib/gcc/avr/4.7.2/../../../avr/lib/avr5/crtm328p.o
 .bss           0x000000000080015e        0x0 main.o
 .bss           0x000000000080015e        0x0 sysmods/adc.o
 .bss           0x000000000080015e        0x0 sysmods/digitalrw.o
 .bss           0x000000000080015e        0x2 sysmods/led.o
 .bss           0x0000000000800160        0x0 sysmods/list.o
 .bss           0x0000000000800160        0x0 sysmods/pwm.o
 .bss           0x0000000000800160        0x6 sysmods/time.o
 .bss           0x0000000000800166        0x0 sysmods/uart.o
 .bss           0x0000000000800166        0x0 usermods/example.o
 .bss           0x0000000000800166        0x0 /usr/lib/gcc/avr/4.7.2/avr5/libgcc.a(_exit.o)
 .bss           0x0000000000800166        0x0 /usr/lib/gcc/avr/4.7.2/avr5/libgcc.a(_copy_data.o)
 .bss           0x0000000000800166        0x0 /usr/lib/gcc/avr/4.7.2/avr5/libgcc.a(_clear_bss.o)
 .bss           0x0000000000800166        0x0 /usr/lib/gcc/avr/4.7.2/../../../avr/lib/avr5/libc.a(malloc.o)
 .bss           0x0000000000800166        0x0 /usr/lib/gcc/avr/4.7.2/../../../avr/lib/avr5/libc.a(iob.o)
 .bss           0x0000000000800166        0x0 /usr/lib/gcc/avr/4.7.2/../../../avr/lib/avr5/libc.a(printf.o)
 .bss           0x0000000000800166        0x0 /usr/lib/gcc/avr/4.7.2/../../../avr/lib/avr5/libc.a(vfprintf_std.o)
 .bss           0x0000000000800166        0x0 /usr/lib/gcc/avr/4.7.2/../../../avr/lib/avr5/libc.a(strnlen_P.o)
 .bss           0x0000000000800166        0x0 /usr/lib/gcc/avr/4.7.2/../../../avr/lib/avr5/libc.a(strnlen.o)
 .bss           0x0000000000800166        0x0 /usr/lib/gcc/avr/4.7.2/../../../avr/lib/avr5/libc.a(fputc.o)
 .bss           0x0000000000800166        0x0 /usr/lib/gcc/avr/4.7.2/../../../avr/lib/avr5/libc.a(ultoa_invert.o)
 .bss           0x0000000000800166        0x0 /usr/lib/gcc/avr/4.7.2/avr5/libgcc.a(_prologue.o)
 .bss           0x0000000000800166        0x0 /usr/lib/gcc/avr/4.7.2/avr5/libgcc.a(_epilogue.o)
 *(.bss*)
 *(COMMON)
 COMMON         0x0000000000800166        0x6 sysmods/digitalrw.o
                0x0000000000800166                DIGITALRW_head
                0x0000000000800168                DIGITALRW_timer
 COMMON         0x000000000080016c        0x1 sysmods/led.o
                0x000000000080016c                LED_timer
 COMMON         0x000000000080016d        0x6 sysmods/pwm.o
                0x000000000080016d                PWM_head
                0x000000000080016f                PWM_timer
 COMMON         0x0000000000800173        0x4 usermods/example.o
                0x0000000000800173                EXAMPLE_timer_pwm
                0x0000000000800174                second
                0x0000000000800175                EXAMPLE_timer_adc
                0x0000000000800176                pwm_value
 COMMON         0x0000000000800177        0x4 /usr/lib/gcc/avr/4.7.2/../../../avr/lib/avr5/libc.a(malloc.o)
                0x0000000000800177                __brkval
                0x0000000000800179                __flp
 COMMON         0x000000000080017b        0x6 /usr/lib/gcc/avr/4.7.2/../../../avr/lib/avr5/libc.a(iob.o)
                0x000000000080017b                __iob
                0x0000000000800181                PROVIDE (__bss_end, .)
                0x0000000000000dd8                __data_load_start = LOADADDR (.data)
                0x0000000000000e36                __data_load_end = (__data_load_start + SIZEOF (.data))

.noinit         0x0000000000800181        0x0
                0x0000000000800181                PROVIDE (__noinit_start, .)
 *(.noinit*)
                0x0000000000800181                PROVIDE (__noinit_end, .)
                0x0000000000800181                _end = .
                0x0000000000800181                PROVIDE (__heap_start, .)

.eeprom         0x0000000000810000        0x0
 *(.eeprom*)
                0x0000000000810000                __eeprom_end = .

.fuse
 *(.fuse)
 *(.lfuse)
 *(.hfuse)
 *(.efuse)

.lock
 *(.lock*)

.signature
 *(.signature*)

.stab           0x0000000000000000     0x2334
 *(.stab)
 .stab          0x0000000000000000      0x6cc /usr/lib/gcc/avr/4.7.2/../../../avr/lib/avr5/crtm328p.o
 .stab          0x00000000000006cc      0x78c /usr/lib/gcc/avr/4.7.2/../../../avr/lib/avr5/libc.a(malloc.o)
                                        0x798 (size before relaxing)
 .stab          0x0000000000000e58      0x180 /usr/lib/gcc/avr/4.7.2/../../../avr/lib/avr5/libc.a(iob.o)
                                        0x30c (size before relaxing)
 .stab          0x0000000000000fd8      0x1bc /usr/lib/gcc/avr/4.7.2/../../../avr/lib/avr5/libc.a(printf.o)
                                        0x39c (size before relaxing)
 .stab          0x0000000000001194      0xa14 /usr/lib/gcc/avr/4.7.2/../../../avr/lib/avr5/libc.a(vfprintf_std.o)
                                        0xc24 (size before relaxing)
 .stab          0x0000000000001ba8       0x9c /usr/lib/gcc/avr/4.7.2/../../../avr/lib/avr5/libc.a(strnlen_P.o)
                                         0xa8 (size before relaxing)
 .stab          0x0000000000001c44       0x9c /usr/lib/gcc/avr/4.7.2/../../../avr/lib/avr5/libc.a(strnlen.o)
                                         0xa8 (size before relaxing)
 .stab          0x0000000000001ce0      0x1d4 /usr/lib/gcc/avr/4.7.2/../../../avr/lib/avr5/libc.a(fputc.o)
                                        0x3b4 (size before relaxing)
 .stab          0x0000000000001eb4      0x480 /usr/lib/gcc/avr/4.7.2/../../../avr/lib/avr5/libc.a(ultoa_invert.o)
                                        0x48c (size before relaxing)

.stabstr        0x0000000000000000      0xcdf
 *(.stabstr)
 .stabstr       0x0000000000000000      0xcdf /usr/lib/gcc/avr/4.7.2/../../../avr/lib/avr5/crtm328p.o

.stab.excl
 *(.stab.excl)

.stab.exclstr
 *(.stab.exclstr)

.stab.index
 *(.stab.index)

.stab.indexstr
 *(.stab.indexstr)

.comment        0x0000000000000000       0x22
 *(.comment)
 .comment       0x0000000000000000       0x11 main.o
                                         0x12 (size before relaxing)
 .comment       0x0000000000000000       0x12 sysmods/adc.o
 .comment       0x0000000000000000       0x12 sysmods/digitalrw.o
 .comment       0x0000000000000000       0x12 sysmods/led.o
 .comment       0x0000000000000000       0x12 sysmods/list.o
 .comment       0x0000000000000000       0x12 sysmods/pwm.o
 .comment       0x0000000000000000       0x12 sysmods/time.o
 .comment       0x0000000000000000       0x12 sysmods/uart.o
 .comment       0x0000000000000000       0x12 usermods/example.o
 .comment       0x0000000000000011       0x11 /usr/lib/gcc/avr/4.7.2/../../../avr/lib/avr5/libc.a(malloc.o)
                                         0x12 (size before relaxing)
 .comment       0x0000000000000000       0x12 /usr/lib/gcc/avr/4.7.2/../../../avr/lib/avr5/libc.a(iob.o)
 .comment       0x0000000000000000       0x12 /usr/lib/gcc/avr/4.7.2/../../../avr/lib/avr5/libc.a(printf.o)
 .comment       0x0000000000000000       0x12 /usr/lib/gcc/avr/4.7.2/../../../avr/lib/avr5/libc.a(vfprintf_std.o)
 .comment       0x0000000000000000       0x12 /usr/lib/gcc/avr/4.7.2/../../../avr/lib/avr5/libc.a(fputc.o)

.debug
 *(.debug)

.line
 *(.line)

.debug_srcinfo
 *(.debug_srcinfo)

.debug_sfnames
 *(.debug_sfnames)

.debug_aranges
 *(.debug_aranges)

.debug_pubnames
 *(.debug_pubnames)

.debug_info
 *(.debug_info)
 *(.gnu.linkonce.wi.*)

.debug_abbrev
 *(.debug_abbrev)

.debug_line
 *(.debug_line)

.debug_frame
 *(.debug_frame)

.debug_str
 *(.debug_str)

.debug_loc
 *(.debug_loc)

.debug_macinfo
 *(.debug_macinfo)
OUTPUT(main.elf elf32-avr)
LOAD linker stubs

Cross Reference Table

Symbol                                            File
ADC_init_10bit                                    sysmods/adc.o
                                                  main.o
ADC_init_8bit                                     sysmods/adc.o
ADC_off                                           sysmods/adc.o
ADC_read_10bit                                    sysmods/adc.o
                                                  usermods/example.o
ADC_read_8bit                                     sysmods/adc.o
ADC_ref_1V                                        sysmods/adc.o
ADC_ref_AVCC                                      sysmods/adc.o
DIGITALRW_head                                    sysmods/digitalrw.o
DIGITALRW_init                                    sysmods/digitalrw.o
                                                  main.o
DIGITALRW_task                                    sysmods/digitalrw.o
                                                  main.o
DIGITALRW_timer                                   sysmods/time.o
                                                  sysmods/digitalrw.o
DIGITALRW_toggle_func                             sysmods/digitalrw.o
DIGITALRW_write_timed                             sysmods/digitalrw.o
EXAMPLE_init                                      usermods/example.o
                                                  main.o
EXAMPLE_task                                      usermods/example.o
                                                  main.o
EXAMPLE_timer_adc                                 usermods/example.o
                                                  sysmods/time.o
EXAMPLE_timer_pwm                                 usermods/example.o
                                                  sysmods/time.o
LED_init                                          sysmods/led.o
                                                  main.o
LED_task                                          sysmods/led.o
                                                  main.o
LED_timer                                         sysmods/time.o
                                                  sysmods/led.o
LIST_insert                                       sysmods/list.o
                                                  sysmods/pwm.o
                                                  sysmods/digitalrw.o
LIST_remove_expired                               sysmods/list.o
                                                  sysmods/pwm.o
                                                  sysmods/digitalrw.o
PWM_head                                          sysmods/pwm.o
PWM_init                                          sysmods/pwm.o
                                                  main.o
PWM_reset_expired                                 sysmods/pwm.o
PWM_task                                          sysmods/pwm.o
                                                  main.o
PWM_timer                                         sysmods/time.o
                                                  sysmods/pwm.o
PWM_write_timed                                   sysmods/pwm.o
TIME_init                                         sysmods/time.o
                                                  main.o
TIME_task                                         sysmods/time.o
                                                  main.o
UART_getchar                                      sysmods/uart.o
UART_init                                         sysmods/uart.o
                                                  main.o
UART_input                                        sysmods/uart.o
UART_output                                       sysmods/uart.o
UART_putchar                                      sysmods/uart.o
__bad_interrupt                                   /usr/lib/gcc/avr/4.7.2/../../../avr/lib/avr5/crtm328p.o
__brkval                                          /usr/lib/gcc/avr/4.7.2/../../../avr/lib/avr5/libc.a(malloc.o)
__bss_end                                         /usr/lib/gcc/avr/4.7.2/avr5/libgcc.a(_clear_bss.o)
__bss_start                                       /usr/lib/gcc/avr/4.7.2/avr5/libgcc.a(_clear_bss.o)
__data_end                                        /usr/lib/gcc/avr/4.7.2/avr5/libgcc.a(_copy_data.o)
__data_load_start                                 /usr/lib/gcc/avr/4.7.2/avr5/libgcc.a(_copy_data.o)
__data_start                                      /usr/lib/gcc/avr/4.7.2/avr5/libgcc.a(_copy_data.o)
__do_clear_bss                                    /usr/lib/gcc/avr/4.7.2/avr5/libgcc.a(_clear_bss.o)
                                                  /usr/lib/gcc/avr/4.7.2/../../../avr/lib/avr5/libc.a(iob.o)
                                                  /usr/lib/gcc/avr/4.7.2/../../../avr/lib/avr5/libc.a(malloc.o)
                                                  usermods/example.o
                                                  sysmods/time.o
                                                  sysmods/pwm.o
                                                  sysmods/led.o
                                                  sysmods/digitalrw.o
__do_copy_data                                    /usr/lib/gcc/avr/4.7.2/avr5/libgcc.a(_copy_data.o)
                                                  /usr/lib/gcc/avr/4.7.2/../../../avr/lib/avr5/libc.a(malloc.o)
                                                  usermods/example.o
                                                  sysmods/uart.o
__epilogue_restores__                             /usr/lib/gcc/avr/4.7.2/avr5/libgcc.a(_epilogue.o)
                                                  /usr/lib/gcc/avr/4.7.2/../../../avr/lib/avr5/libc.a(vfprintf_std.o)
                                                  /usr/lib/gcc/avr/4.7.2/../../../avr/lib/avr5/libc.a(printf.o)
                                                  /usr/lib/gcc/avr/4.7.2/../../../avr/lib/avr5/libc.a(malloc.o)
__flp                                             /usr/lib/gcc/avr/4.7.2/../../../avr/lib/avr5/libc.a(malloc.o)
__heap_end                                        /usr/lib/gcc/avr/4.7.2/../../../avr/lib/avr5/crtm328p.o
                                                  /usr/lib/gcc/avr/4.7.2/../../../avr/lib/avr5/libc.a(malloc.o)
__heap_start                                      /usr/lib/gcc/avr/4.7.2/../../../avr/lib/avr5/libc.a(malloc.o)
__init                                            /usr/lib/gcc/avr/4.7.2/../../../avr/lib/avr5/crtm328p.o
__iob                                             /usr/lib/gcc/avr/4.7.2/../../../avr/lib/avr5/libc.a(printf.o)
                                                  /usr/lib/gcc/avr/4.7.2/../../../avr/lib/avr5/libc.a(iob.o)
                                                  sysmods/uart.o
__malloc_heap_end                                 /usr/lib/gcc/avr/4.7.2/../../../avr/lib/avr5/libc.a(malloc.o)
__malloc_heap_start                               /usr/lib/gcc/avr/4.7.2/../../../avr/lib/avr5/libc.a(malloc.o)
__malloc_margin                                   /usr/lib/gcc/avr/4.7.2/../../../avr/lib/avr5/libc.a(malloc.o)
__prologue_saves__                                /usr/lib/gcc/avr/4.7.2/avr5/libgcc.a(_prologue.o)
                                                  /usr/lib/gcc/avr/4.7.2/../../../avr/lib/avr5/libc.a(vfprintf_std.o)
                                                  /usr/lib/gcc/avr/4.7.2/../../../avr/lib/avr5/libc.a(printf.o)
__stack                                           /usr/lib/gcc/avr/4.7.2/../../../avr/lib/avr5/crtm328p.o
__ultoa_invert                                    /usr/lib/gcc/avr/4.7.2/../../../avr/lib/avr5/libc.a(ultoa_invert.o)
                                                  /usr/lib/gcc/avr/4.7.2/../../../avr/lib/avr5/libc.a(vfprintf_std.o)
__vector_1                                        /usr/lib/gcc/avr/4.7.2/../../../avr/lib/avr5/crtm328p.o
__vector_10                                       /usr/lib/gcc/avr/4.7.2/../../../avr/lib/avr5/crtm328p.o
__vector_11                                       sysmods/time.o
                                                  /usr/lib/gcc/avr/4.7.2/../../../avr/lib/avr5/crtm328p.o
__vector_12                                       /usr/lib/gcc/avr/4.7.2/../../../avr/lib/avr5/crtm328p.o
__vector_13                                       /usr/lib/gcc/avr/4.7.2/../../../avr/lib/avr5/crtm328p.o
__vector_14                                       /usr/lib/gcc/avr/4.7.2/../../../avr/lib/avr5/crtm328p.o
__vector_15                                       /usr/lib/gcc/avr/4.7.2/../../../avr/lib/avr5/crtm328p.o
__vector_16                                       /usr/lib/gcc/avr/4.7.2/../../../avr/lib/avr5/crtm328p.o
__vector_17                                       /usr/lib/gcc/avr/4.7.2/../../../avr/lib/avr5/crtm328p.o
__vector_18                                       /usr/lib/gcc/avr/4.7.2/../../../avr/lib/avr5/crtm328p.o
__vector_19                                       /usr/lib/gcc/avr/4.7.2/../../../avr/lib/avr5/crtm328p.o
__vector_2                                        /usr/lib/gcc/avr/4.7.2/../../../avr/lib/avr5/crtm328p.o
__vector_20                                       /usr/lib/gcc/avr/4.7.2/../../../avr/lib/avr5/crtm328p.o
__vector_21                                       /usr/lib/gcc/avr/4.7.2/../../../avr/lib/avr5/crtm328p.o
__vector_22                                       /usr/lib/gcc/avr/4.7.2/../../../avr/lib/avr5/crtm328p.o
__vector_23                                       /usr/lib/gcc/avr/4.7.2/../../../avr/lib/avr5/crtm328p.o
__vector_24                                       /usr/lib/gcc/avr/4.7.2/../../../avr/lib/avr5/crtm328p.o
__vector_25                                       /usr/lib/gcc/avr/4.7.2/../../../avr/lib/avr5/crtm328p.o
__vector_3                                        /usr/lib/gcc/avr/4.7.2/../../../avr/lib/avr5/crtm328p.o
__vector_4                                        /usr/lib/gcc/avr/4.7.2/../../../avr/lib/avr5/crtm328p.o
__vector_5                                        /usr/lib/gcc/avr/4.7.2/../../../avr/lib/avr5/crtm328p.o
__vector_6                                        /usr/lib/gcc/avr/4.7.2/../../../avr/lib/avr5/crtm328p.o
__vector_7                                        /usr/lib/gcc/avr/4.7.2/../../../avr/lib/avr5/crtm328p.o
__vector_8                                        /usr/lib/gcc/avr/4.7.2/../../../avr/lib/avr5/crtm328p.o
__vector_9                                        /usr/lib/gcc/avr/4.7.2/../../../avr/lib/avr5/crtm328p.o
__vector_default                                  /usr/lib/gcc/avr/4.7.2/../../../avr/lib/avr5/crtm328p.o
__vectors                                         /usr/lib/gcc/avr/4.7.2/../../../avr/lib/avr5/crtm328p.o
_exit                                             /usr/lib/gcc/avr/4.7.2/avr5/libgcc.a(_exit.o)
avr_init                                          main.o
exit                                              /usr/lib/gcc/avr/4.7.2/avr5/libgcc.a(_exit.o)
                                                  /usr/lib/gcc/avr/4.7.2/../../../avr/lib/avr5/crtm328p.o
fputc                                             /usr/lib/gcc/avr/4.7.2/../../../avr/lib/avr5/libc.a(fputc.o)
                                                  /usr/lib/gcc/avr/4.7.2/../../../avr/lib/avr5/libc.a(vfprintf_std.o)
free                                              /usr/lib/gcc/avr/4.7.2/../../../avr/lib/avr5/libc.a(malloc.o)
                                                  sysmods/list.o
main                                              main.o
                                                  /usr/lib/gcc/avr/4.7.2/../../../avr/lib/avr5/crtm328p.o
malloc                                            /usr/lib/gcc/avr/4.7.2/../../../avr/lib/avr5/libc.a(malloc.o)
                                                  sysmods/list.o
printf                                            /usr/lib/gcc/avr/4.7.2/../../../avr/lib/avr5/libc.a(printf.o)
                                                  usermods/example.o
pwm_value                                         usermods/example.o
second                                            usermods/example.o
strnlen                                           /usr/lib/gcc/avr/4.7.2/../../../avr/lib/avr5/libc.a(strnlen.o)
                                                  /usr/lib/gcc/avr/4.7.2/../../../avr/lib/avr5/libc.a(vfprintf_std.o)
strnlen_P                                         /usr/lib/gcc/avr/4.7.2/../../../avr/lib/avr5/libc.a(strnlen_P.o)
                                                  /usr/lib/gcc/avr/4.7.2/../../../avr/lib/avr5/libc.a(vfprintf_std.o)
vfprintf                                          /usr/lib/gcc/avr/4.7.2/../../../avr/lib/avr5/libc.a(vfprintf_std.o)
                                                  /usr/lib/gcc/avr/4.7.2/../../../avr/lib/avr5/libc.a(printf.o)
