Archive member included because of file (symbol)

/usr/lib/gcc/avr/4.7.2/avr5/libgcc.a(_umulhisi3.o)
                              ./usermods/ultrasom.o (__umulhisi3)
/usr/lib/gcc/avr/4.7.2/avr5/libgcc.a(_divmodhi4.o)
                              ./usermods/sensorIR.o (__divmodhi4)
/usr/lib/gcc/avr/4.7.2/avr5/libgcc.a(_exit.o)
                              /usr/lib/gcc/avr/4.7.2/../../../avr/lib/avr5/crtm328p.o (exit)
/usr/lib/gcc/avr/4.7.2/avr5/libgcc.a(_copy_data.o)
                              ./usermods/example.o (__do_copy_data)
/usr/lib/gcc/avr/4.7.2/avr5/libgcc.a(_clear_bss.o)
                              ./usermods/example.o (__do_clear_bss)
/usr/lib/gcc/avr/4.7.2/avr5/libgcc.a(_mul_sf.o)
                              ./usermods/ultrasom_stepper.o (__mulsf3)
/usr/lib/gcc/avr/4.7.2/avr5/libgcc.a(_div_sf.o)
                              ./usermods/ultrasom_stepper.o (__divsf3)
/usr/lib/gcc/avr/4.7.2/avr5/libgcc.a(_gt_sf.o)
                              ./usermods/ultrasom_stepper.o (__gtsf2)
/usr/lib/gcc/avr/4.7.2/avr5/libgcc.a(_si_to_sf.o)
                              ./usermods/ultrasom_stepper.o (__floatsisf)
/usr/lib/gcc/avr/4.7.2/avr5/libgcc.a(_sf_to_si.o)
                              ./usermods/ultrasom_stepper.o (__fixsfsi)
/usr/lib/gcc/avr/4.7.2/avr5/libgcc.a(_thenan_sf.o)
                              /usr/lib/gcc/avr/4.7.2/avr5/libgcc.a(_mul_sf.o) (__thenan_sf)
/usr/lib/gcc/avr/4.7.2/avr5/libgcc.a(_udivmodhi4.o)
                              /usr/lib/gcc/avr/4.7.2/avr5/libgcc.a(_divmodhi4.o) (__udivmodhi4)
/usr/lib/gcc/avr/4.7.2/avr5/libgcc.a(_prologue.o)
                              /usr/lib/gcc/avr/4.7.2/avr5/libgcc.a(_mul_sf.o) (__prologue_saves__)
/usr/lib/gcc/avr/4.7.2/avr5/libgcc.a(_epilogue.o)
                              /usr/lib/gcc/avr/4.7.2/avr5/libgcc.a(_mul_sf.o) (__epilogue_restores__)
/usr/lib/gcc/avr/4.7.2/avr5/libgcc.a(_clzsi2.o)
                              /usr/lib/gcc/avr/4.7.2/avr5/libgcc.a(_si_to_sf.o) (__clzsi2)
/usr/lib/gcc/avr/4.7.2/avr5/libgcc.a(_clzhi2.o)
                              /usr/lib/gcc/avr/4.7.2/avr5/libgcc.a(_clzsi2.o) (__clzhi2)
/usr/lib/gcc/avr/4.7.2/avr5/libgcc.a(_pack_sf.o)
                              /usr/lib/gcc/avr/4.7.2/avr5/libgcc.a(_mul_sf.o) (__pack_f)
/usr/lib/gcc/avr/4.7.2/avr5/libgcc.a(_unpack_sf.o)
                              /usr/lib/gcc/avr/4.7.2/avr5/libgcc.a(_mul_sf.o) (__unpack_f)
/usr/lib/gcc/avr/4.7.2/avr5/libgcc.a(_fpcmp_parts_sf.o)
                              /usr/lib/gcc/avr/4.7.2/avr5/libgcc.a(_gt_sf.o) (__fpcmp_parts_f)
/usr/lib/gcc/avr/4.7.2/../../../avr/lib/avr5/libc.a(malloc.o)
                              ./sysmods/list.o (malloc)
/usr/lib/gcc/avr/4.7.2/../../../avr/lib/avr5/libc.a(iob.o)
                              ./sysmods/uart.o (__iob)
/usr/lib/gcc/avr/4.7.2/../../../avr/lib/avr5/libc.a(printf.o)
                              ./usermods/example.o (printf)
/usr/lib/gcc/avr/4.7.2/../../../avr/lib/avr5/libc.a(vfprintf_std.o)
                              /usr/lib/gcc/avr/4.7.2/../../../avr/lib/avr5/libc.a(printf.o) (vfprintf)
/usr/lib/gcc/avr/4.7.2/../../../avr/lib/avr5/libc.a(strnlen_P.o)
                              /usr/lib/gcc/avr/4.7.2/../../../avr/lib/avr5/libc.a(vfprintf_std.o) (strnlen_P)
/usr/lib/gcc/avr/4.7.2/../../../avr/lib/avr5/libc.a(strnlen.o)
                              /usr/lib/gcc/avr/4.7.2/../../../avr/lib/avr5/libc.a(vfprintf_std.o) (strnlen)
/usr/lib/gcc/avr/4.7.2/../../../avr/lib/avr5/libc.a(fputc.o)
                              /usr/lib/gcc/avr/4.7.2/../../../avr/lib/avr5/libc.a(vfprintf_std.o) (fputc)
/usr/lib/gcc/avr/4.7.2/../../../avr/lib/avr5/libc.a(ultoa_invert.o)
                              /usr/lib/gcc/avr/4.7.2/../../../avr/lib/avr5/libc.a(vfprintf_std.o) (__ultoa_invert)

Allocating common symbols
Common symbol       size              file

EXAMPLE_timer_pwm   0x1               ./usermods/example.o
ROBOT_timer_uart    0x1               ./usermods/robot.o
PWM_head            0x2               ./sysmods/pwm.o
second              0x1               ./usermods/example.o
PWM_timer           0x4               ./sysmods/pwm.o
EXAMPLE_timer_adc   0x1               ./usermods/example.o
__brkval            0x2               /usr/lib/gcc/avr/4.7.2/../../../avr/lib/avr5/libc.a(malloc.o)
autonomous          0x1               ./usermods/uart.o
ROBOT_timer_adc     0x1               ./usermods/robot.o
pwm_value           0x1               ./usermods/example.o
LED_timer           0x1               ./sysmods/led.o
DIGITALRW_head      0x2               ./sysmods/digitalrw.o
ROBOT_timer_pwm     0x1               ./usermods/robot.o
DIGITALRW_timer     0x4               ./sysmods/digitalrw.o
__flp               0x2               /usr/lib/gcc/avr/4.7.2/../../../avr/lib/avr5/libc.a(malloc.o)
__iob               0x6               /usr/lib/gcc/avr/4.7.2/../../../avr/lib/avr5/libc.a(iob.o)

Memory Configuration

Name             Origin             Length             Attributes
text             0x0000000000000000 0x0000000000020000 xr
data             0x0000000000800060 0x000000000000ffa0 rw !x
eeprom           0x0000000000810000 0x0000000000010000 rw !x
fuse             0x0000000000820000 0x0000000000000400 rw !x
lock             0x0000000000830000 0x0000000000000400 rw !x
signature        0x0000000000840000 0x0000000000000400 rw !x
*default*        0x0000000000000000 0xffffffffffffffff

Linker script and memory map

Address of section .data set to 0x800100
LOAD /usr/lib/gcc/avr/4.7.2/../../../avr/lib/avr5/crtm328p.o
LOAD ./usermods/example.o
LOAD ./usermods/motores.o
LOAD ./usermods/myDelay.o
LOAD ./usermods/robot.o
LOAD ./usermods/sensorIR.o
LOAD ./usermods/uart.o
LOAD ./usermods/ultrasom.o
LOAD ./usermods/ultrasom_stepper.o
LOAD ./sysmods/adc.o
LOAD ./sysmods/digitalrw.o
LOAD ./sysmods/led.o
LOAD ./sysmods/list.o
LOAD ./sysmods/pwm.o
LOAD ./sysmods/time.o
LOAD ./sysmods/uart.o
LOAD ./main.o
LOAD /usr/lib/gcc/avr/4.7.2/avr5/libgcc.a
LOAD /usr/lib/gcc/avr/4.7.2/../../../avr/lib/avr5/libc.a
LOAD /usr/lib/gcc/avr/4.7.2/avr5/libgcc.a

.hash
 *(.hash)

.dynsym
 *(.dynsym)

.dynstr
 *(.dynstr)

.gnu.version
 *(.gnu.version)

.gnu.version_d
 *(.gnu.version_d)

.gnu.version_r
 *(.gnu.version_r)

.rel.init
 *(.rel.init)

.rela.init
 *(.rela.init)

.rel.text
 *(.rel.text)
 *(.rel.text.*)
 *(.rel.gnu.linkonce.t*)

.rela.text
 *(.rela.text)
 *(.rela.text.*)
 *(.rela.gnu.linkonce.t*)

.rel.fini
 *(.rel.fini)

.rela.fini
 *(.rela.fini)

.rel.rodata
 *(.rel.rodata)
 *(.rel.rodata.*)
 *(.rel.gnu.linkonce.r*)

.rela.rodata
 *(.rela.rodata)
 *(.rela.rodata.*)
 *(.rela.gnu.linkonce.r*)

.rel.data
 *(.rel.data)
 *(.rel.data.*)
 *(.rel.gnu.linkonce.d*)

.rela.data
 *(.rela.data)
 *(.rela.data.*)
 *(.rela.gnu.linkonce.d*)

.rel.ctors
 *(.rel.ctors)

.rela.ctors
 *(.rela.ctors)

.rel.dtors
 *(.rel.dtors)

.rela.dtors
 *(.rela.dtors)

.rel.got
 *(.rel.got)

.rela.got
 *(.rela.got)

.rel.bss
 *(.rel.bss)

.rela.bss
 *(.rela.bss)

.rel.plt
 *(.rel.plt)

.rela.plt
 *(.rela.plt)

.text           0x0000000000000000     0x2088
 *(.vectors)
 .vectors       0x0000000000000000       0x68 /usr/lib/gcc/avr/4.7.2/../../../avr/lib/avr5/crtm328p.o
                0x0000000000000000                __vectors
                0x0000000000000000                __vector_default
 *(.vectors)
 *(.progmem.gcc*)
 *(.progmem*)
                0x0000000000000068                . = ALIGN (0x2)
                0x0000000000000068                __trampolines_start = .
 *(.trampolines)
 .trampolines   0x0000000000000068        0x0 linker stubs
 *(.trampolines*)
                0x0000000000000068                __trampolines_end = .
 *(.jumptables)
 *(.jumptables*)
 *(.lowtext)
 *(.lowtext*)
                0x0000000000000068                __ctors_start = .
 *(.ctors)
                0x0000000000000068                __ctors_end = .
                0x0000000000000068                __dtors_start = .
 *(.dtors)
                0x0000000000000068                __dtors_end = .
 SORT(*)(.ctors)
 SORT(*)(.dtors)
 *(.init0)
 .init0         0x0000000000000068        0x0 /usr/lib/gcc/avr/4.7.2/../../../avr/lib/avr5/crtm328p.o
                0x0000000000000068                __init
 *(.init0)
 *(.init1)
 *(.init1)
 *(.init2)
 .init2         0x0000000000000068        0xc /usr/lib/gcc/avr/4.7.2/../../../avr/lib/avr5/crtm328p.o
 *(.init2)
 *(.init3)
 *(.init3)
 *(.init4)
 .init4         0x0000000000000074       0x16 /usr/lib/gcc/avr/4.7.2/avr5/libgcc.a(_copy_data.o)
                0x0000000000000074                __do_copy_data
 .init4         0x000000000000008a       0x10 /usr/lib/gcc/avr/4.7.2/avr5/libgcc.a(_clear_bss.o)
                0x000000000000008a                __do_clear_bss
 *(.init4)
 *(.init5)
 *(.init5)
 *(.init6)
 *(.init6)
 *(.init7)
 *(.init7)
 *(.init8)
 *(.init8)
 *(.init9)
 .init9         0x000000000000009a        0x8 /usr/lib/gcc/avr/4.7.2/../../../avr/lib/avr5/crtm328p.o
 *(.init9)
 *(.text)
 .text          0x00000000000000a2        0x4 /usr/lib/gcc/avr/4.7.2/../../../avr/lib/avr5/crtm328p.o
                0x00000000000000a2                __vector_22
                0x00000000000000a2                __vector_1
                0x00000000000000a2                __vector_24
                0x00000000000000a2                __vector_12
                0x00000000000000a2                __bad_interrupt
                0x00000000000000a2                __vector_6
                0x00000000000000a2                __vector_3
                0x00000000000000a2                __vector_23
                0x00000000000000a2                __vector_25
                0x00000000000000a2                __vector_13
                0x00000000000000a2                __vector_17
                0x00000000000000a2                __vector_7
                0x00000000000000a2                __vector_5
                0x00000000000000a2                __vector_4
                0x00000000000000a2                __vector_9
                0x00000000000000a2                __vector_2
                0x00000000000000a2                __vector_21
                0x00000000000000a2                __vector_15
                0x00000000000000a2                __vector_8
                0x00000000000000a2                __vector_14
                0x00000000000000a2                __vector_10
                0x00000000000000a2                __vector_16
                0x00000000000000a2                __vector_20
 .text          0x00000000000000a6        0x0 ./usermods/example.o
 .text          0x00000000000000a6        0x0 ./usermods/motores.o
 .text          0x00000000000000a6        0x0 ./usermods/myDelay.o
 .text          0x00000000000000a6        0x0 ./usermods/robot.o
 .text          0x00000000000000a6        0x0 ./usermods/sensorIR.o
 .text          0x00000000000000a6        0x0 ./usermods/uart.o
 .text          0x00000000000000a6        0x0 ./usermods/ultrasom.o
 .text          0x00000000000000a6        0x0 ./usermods/ultrasom_stepper.o
 .text          0x00000000000000a6        0x0 ./sysmods/adc.o
 .text          0x00000000000000a6        0x0 ./sysmods/digitalrw.o
 .text          0x00000000000000a6        0x0 ./sysmods/led.o
 .text          0x00000000000000a6        0x0 ./sysmods/list.o
 .text          0x00000000000000a6        0x0 ./sysmods/pwm.o
 .text          0x00000000000000a6        0x0 ./sysmods/time.o
 .text          0x00000000000000a6        0x0 ./sysmods/uart.o
 .text          0x00000000000000a6        0x0 ./main.o
 .text          0x00000000000000a6        0x0 /usr/lib/gcc/avr/4.7.2/avr5/libgcc.a(_umulhisi3.o)
 .text          0x00000000000000a6        0x0 /usr/lib/gcc/avr/4.7.2/avr5/libgcc.a(_divmodhi4.o)
 .text          0x00000000000000a6        0x0 /usr/lib/gcc/avr/4.7.2/avr5/libgcc.a(_exit.o)
 .text          0x00000000000000a6        0x0 /usr/lib/gcc/avr/4.7.2/avr5/libgcc.a(_copy_data.o)
 .text          0x00000000000000a6        0x0 /usr/lib/gcc/avr/4.7.2/avr5/libgcc.a(_clear_bss.o)
 .text          0x00000000000000a6      0x1ca /usr/lib/gcc/avr/4.7.2/avr5/libgcc.a(_mul_sf.o)
                0x00000000000000a6                __mulsf3
 .text          0x0000000000000270      0x146 /usr/lib/gcc/avr/4.7.2/avr5/libgcc.a(_div_sf.o)
                0x0000000000000270                __divsf3
 .text          0x00000000000003b6       0x5e /usr/lib/gcc/avr/4.7.2/avr5/libgcc.a(_gt_sf.o)
                0x00000000000003b6                __gtsf2
 .text          0x0000000000000414       0xb8 /usr/lib/gcc/avr/4.7.2/avr5/libgcc.a(_si_to_sf.o)
                0x0000000000000414                __floatsisf
 .text          0x00000000000004cc       0x9e /usr/lib/gcc/avr/4.7.2/avr5/libgcc.a(_sf_to_si.o)
                0x00000000000004cc                __fixsfsi
 .text          0x000000000000056a        0x0 /usr/lib/gcc/avr/4.7.2/avr5/libgcc.a(_thenan_sf.o)
 .text          0x000000000000056a        0x0 /usr/lib/gcc/avr/4.7.2/avr5/libgcc.a(_udivmodhi4.o)
 .text          0x000000000000056a        0x0 /usr/lib/gcc/avr/4.7.2/avr5/libgcc.a(_prologue.o)
 .text          0x000000000000056a        0x0 /usr/lib/gcc/avr/4.7.2/avr5/libgcc.a(_epilogue.o)
 .text          0x000000000000056a        0x0 /usr/lib/gcc/avr/4.7.2/avr5/libgcc.a(_clzsi2.o)
 .text          0x000000000000056a        0x0 /usr/lib/gcc/avr/4.7.2/avr5/libgcc.a(_clzhi2.o)
 .text          0x000000000000056a      0x194 /usr/lib/gcc/avr/4.7.2/avr5/libgcc.a(_pack_sf.o)
                0x000000000000056a                __pack_f
 .text          0x00000000000006fe       0xde /usr/lib/gcc/avr/4.7.2/avr5/libgcc.a(_unpack_sf.o)
                0x00000000000006fe                __unpack_f
 .text          0x00000000000007dc       0xc2 /usr/lib/gcc/avr/4.7.2/avr5/libgcc.a(_fpcmp_parts_sf.o)
                0x00000000000007dc                __fpcmp_parts_f
 .text          0x000000000000089e        0x0 /usr/lib/gcc/avr/4.7.2/../../../avr/lib/avr5/libc.a(malloc.o)
 .text          0x000000000000089e        0x0 /usr/lib/gcc/avr/4.7.2/../../../avr/lib/avr5/libc.a(iob.o)
 .text          0x000000000000089e        0x0 /usr/lib/gcc/avr/4.7.2/../../../avr/lib/avr5/libc.a(printf.o)
 .text          0x000000000000089e        0x0 /usr/lib/gcc/avr/4.7.2/../../../avr/lib/avr5/libc.a(vfprintf_std.o)
 .text          0x000000000000089e        0x0 /usr/lib/gcc/avr/4.7.2/../../../avr/lib/avr5/libc.a(strnlen_P.o)
 .text          0x000000000000089e        0x0 /usr/lib/gcc/avr/4.7.2/../../../avr/lib/avr5/libc.a(strnlen.o)
 .text          0x000000000000089e        0x0 /usr/lib/gcc/avr/4.7.2/../../../avr/lib/avr5/libc.a(fputc.o)
 .text          0x000000000000089e        0x0 /usr/lib/gcc/avr/4.7.2/../../../avr/lib/avr5/libc.a(ultoa_invert.o)
                0x000000000000089e                . = ALIGN (0x2)
 *(.text.*)
 .text.EXAMPLE_init
                0x000000000000089e        0x2 ./usermods/example.o
                0x000000000000089e                EXAMPLE_init
 .text.EXAMPLE_task
                0x00000000000008a0       0x6e ./usermods/example.o
                0x00000000000008a0                EXAMPLE_task
 .text.goBack   0x000000000000090e       0x1a ./usermods/motores.o
                0x000000000000090e                goBack
 .text.goForward
                0x0000000000000928       0x1a ./usermods/motores.o
                0x0000000000000928                goForward
 .text.goLeft   0x0000000000000942       0x18 ./usermods/motores.o
                0x0000000000000942                goLeft
 .text.goRight  0x000000000000095a       0x1a ./usermods/motores.o
                0x000000000000095a                goRight
 .text.stopMove
                0x0000000000000974        0x6 ./usermods/motores.o
                0x0000000000000974                stopMove
 .text.turn     0x000000000000097a        0xc ./usermods/motores.o
                0x000000000000097a                turn
 .text.mydelay_ms
                0x0000000000000986       0x16 ./usermods/myDelay.o
                0x0000000000000986                mydelay_ms
 .text.mydelay_us
                0x000000000000099c       0x12 ./usermods/myDelay.o
                0x000000000000099c                mydelay_us
 .text.ROBOT_init
                0x00000000000009ae        0x8 ./usermods/robot.o
                0x00000000000009ae                ROBOT_init
 .text.ROBOT_task
                0x00000000000009b6      0x1d6 ./usermods/robot.o
                0x00000000000009b6                ROBOT_task
 .text.obstacleAlarm
                0x0000000000000b8c       0x20 ./usermods/sensorIR.o
                0x0000000000000b8c                obstacleAlarm
 .text.ir_convertToDistance
                0x0000000000000bac       0x16 ./usermods/sensorIR.o
                0x0000000000000bac                ir_convertToDistance
 .text.verificaObstaculoIR
                0x0000000000000bc2       0x48 ./usermods/sensorIR.o
                0x0000000000000bc2                verificaObstaculoIR
 .text.__vector_18
                0x0000000000000c0a       0x66 ./usermods/uart.o
                0x0000000000000c0a                __vector_18
 .text.__vector_19
                0x0000000000000c70       0x54 ./usermods/uart.o
                0x0000000000000c70                __vector_19
 .text.uart_init
                0x0000000000000cc4       0x32 ./usermods/uart.o
                0x0000000000000cc4                uart_init
 .text.uart_getc
                0x0000000000000cf6       0x38 ./usermods/uart.o
                0x0000000000000cf6                uart_getc
 .text.uart_putc
                0x0000000000000d2e       0x2a ./usermods/uart.o
                0x0000000000000d2e                uart_putc
 .text.uart_puts
                0x0000000000000d58       0x3c ./usermods/uart.o
                0x0000000000000d58                uart_puts
 .text.uart_puts_p
                0x0000000000000d94       0x44 ./usermods/uart.o
                0x0000000000000d94                uart_puts_p
 .text.usart_putchar_printf
                0x0000000000000dd8       0x5e ./usermods/uart.o
                0x0000000000000dd8                usart_putchar_printf
 .text.uart_available
                0x0000000000000e36       0x1a ./usermods/uart.o
                0x0000000000000e36                uart_available
 .text.uart_flush
                0x0000000000000e50        0xa ./usermods/uart.o
                0x0000000000000e50                uart_flush
 .text.getPulseWidth
                0x0000000000000e5a       0x9c ./usermods/ultrasom.o
                0x0000000000000e5a                getPulseWidth
 .text.get_UltrasoundData
                0x0000000000000ef6       0x72 ./usermods/ultrasom.o
                0x0000000000000ef6                get_UltrasoundData
 .text.sweep_sonar
                0x0000000000000f68       0x24 ./usermods/ultrasom.o
                0x0000000000000f68                sweep_sonar
 .text.rotate   0x0000000000000f8c       0x70 ./usermods/ultrasom_stepper.o
                0x0000000000000f8c                rotate
 .text.set_stepper_zero
                0x0000000000000ffc       0x22 ./usermods/ultrasom_stepper.o
                0x0000000000000ffc                set_stepper_zero
 .text.sonar_rotate
                0x000000000000101e       0xa0 ./usermods/ultrasom_stepper.o
                0x000000000000101e                sonar_rotate
 .text.rotateDeg
                0x00000000000010be       0xc4 ./usermods/ultrasom_stepper.o
                0x00000000000010be                rotateDeg
 .text.stepper_sweep
                0x0000000000001182       0x28 ./usermods/ultrasom_stepper.o
                0x0000000000001182                stepper_sweep
 .text.ADC_init_10bit
                0x00000000000011aa       0x16 ./sysmods/adc.o
                0x00000000000011aa                ADC_init_10bit
 .text.ADC_init_8bit
                0x00000000000011c0       0x16 ./sysmods/adc.o
                0x00000000000011c0                ADC_init_8bit
 .text.ADC_read_10bit
                0x00000000000011d6       0x32 ./sysmods/adc.o
                0x00000000000011d6                ADC_read_10bit
 .text.ADC_read_8bit
                0x0000000000001208       0x2c ./sysmods/adc.o
                0x0000000000001208                ADC_read_8bit
 .text.ADC_off  0x0000000000001234        0xc ./sysmods/adc.o
                0x0000000000001234                ADC_off
 .text.ADC_ref_AVCC
                0x0000000000001240       0x12 ./sysmods/adc.o
                0x0000000000001240                ADC_ref_AVCC
 .text.ADC_ref_1V
                0x0000000000001252        0xc ./sysmods/adc.o
                0x0000000000001252                ADC_ref_1V
 .text.DIGITALRW_toggle_func
                0x000000000000125e       0x18 ./sysmods/digitalrw.o
                0x000000000000125e                DIGITALRW_toggle_func
 .text.DIGITALRW_init
                0x0000000000001276        0x2 ./sysmods/digitalrw.o
                0x0000000000001276                DIGITALRW_init
 .text.DIGITALRW_write_timed
                0x0000000000001278       0x74 ./sysmods/digitalrw.o
                0x0000000000001278                DIGITALRW_write_timed
 .text.DIGITALRW_task
                0x00000000000012ec       0x1c ./sysmods/digitalrw.o
                0x00000000000012ec                DIGITALRW_task
 .text.LED_init
                0x0000000000001308        0xa ./sysmods/led.o
                0x0000000000001308                LED_init
 .text.LED_task
                0x0000000000001312       0x3e ./sysmods/led.o
                0x0000000000001312                LED_task
 .text.LIST_insert
                0x0000000000001350       0x7e ./sysmods/list.o
                0x0000000000001350                LIST_insert
 .text.LIST_remove_expired
                0x00000000000013ce       0xa6 ./sysmods/list.o
                0x00000000000013ce                LIST_remove_expired
 .text.PWM_reset_expired
                0x0000000000001474        0x8 ./sysmods/pwm.o
                0x0000000000001474                PWM_reset_expired
 .text.PWM_init
                0x000000000000147c       0x64 ./sysmods/pwm.o
                0x000000000000147c                PWM_init
 .text.PWM_write_timed
                0x00000000000014e0       0x36 ./sysmods/pwm.o
                0x00000000000014e0                PWM_write_timed
 .text.PWM_task
                0x0000000000001516       0x1c ./sysmods/pwm.o
                0x0000000000001516                PWM_task
 .text.TIME_init
                0x0000000000001532       0x1a ./sysmods/time.o
                0x0000000000001532                TIME_init
 .text.__vector_11
                0x000000000000154c       0x3c ./sysmods/time.o
                0x000000000000154c                __vector_11
 .text.TIME_task
                0x0000000000001588       0xda ./sysmods/time.o
                0x0000000000001588                TIME_task
 .text.UART_putchar
                0x0000000000001662       0x20 ./sysmods/uart.o
                0x0000000000001662                UART_putchar
 .text.UART_getchar
                0x0000000000001682        0xe ./sysmods/uart.o
                0x0000000000001682                UART_getchar
 .text.UART_init
                0x0000000000001690       0x3a ./sysmods/uart.o
                0x0000000000001690                UART_init
 .text.avr_init
                0x00000000000016ca        0x4 ./main.o
                0x00000000000016ca                avr_init
 .text.timer0_init
                0x00000000000016ce       0x48 ./main.o
                0x00000000000016ce                timer0_init
 .text.ADC_init
                0x0000000000001716       0x84 ./main.o
                0x0000000000001716                ADC_init
 .text.uartInit
                0x000000000000179a       0x16 ./main.o
                0x000000000000179a                uartInit
 .text.buzzer_init
                0x00000000000017b0        0x4 ./main.o
                0x00000000000017b0                buzzer_init
 .text.startup.main
                0x00000000000017b4       0x2e ./main.o
                0x00000000000017b4                main
 .text.libgcc.mul
                0x00000000000017e2       0x18 /usr/lib/gcc/avr/4.7.2/avr5/libgcc.a(_umulhisi3.o)
                0x00000000000017e2                __umulhisi3
 .text.libgcc.div
                0x00000000000017fa        0x0 /usr/lib/gcc/avr/4.7.2/avr5/libgcc.a(_umulhisi3.o)
 .text.libgcc   0x00000000000017fa        0x0 /usr/lib/gcc/avr/4.7.2/avr5/libgcc.a(_umulhisi3.o)
 .text.libgcc.prologue
                0x00000000000017fa        0x0 /usr/lib/gcc/avr/4.7.2/avr5/libgcc.a(_umulhisi3.o)
 .text.libgcc.builtins
                0x00000000000017fa        0x0 /usr/lib/gcc/avr/4.7.2/avr5/libgcc.a(_umulhisi3.o)
 .text.libgcc.fmul
                0x00000000000017fa        0x0 /usr/lib/gcc/avr/4.7.2/avr5/libgcc.a(_umulhisi3.o)
 .text.libgcc.mul
                0x00000000000017fa        0x0 /usr/lib/gcc/avr/4.7.2/avr5/libgcc.a(_divmodhi4.o)
 .text.libgcc.div
                0x00000000000017fa       0x28 /usr/lib/gcc/avr/4.7.2/avr5/libgcc.a(_divmodhi4.o)
                0x00000000000017fa                __divmodhi4
                0x00000000000017fa                _div
 .text.libgcc   0x0000000000001822        0x0 /usr/lib/gcc/avr/4.7.2/avr5/libgcc.a(_divmodhi4.o)
 .text.libgcc.prologue
                0x0000000000001822        0x0 /usr/lib/gcc/avr/4.7.2/avr5/libgcc.a(_divmodhi4.o)
 .text.libgcc.builtins
                0x0000000000001822        0x0 /usr/lib/gcc/avr/4.7.2/avr5/libgcc.a(_divmodhi4.o)
 .text.libgcc.fmul
                0x0000000000001822        0x0 /usr/lib/gcc/avr/4.7.2/avr5/libgcc.a(_divmodhi4.o)
 .text.libgcc.mul
                0x0000000000001822        0x0 /usr/lib/gcc/avr/4.7.2/avr5/libgcc.a(_exit.o)
 .text.libgcc.div
                0x0000000000001822        0x0 /usr/lib/gcc/avr/4.7.2/avr5/libgcc.a(_exit.o)
 .text.libgcc   0x0000000000001822        0x0 /usr/lib/gcc/avr/4.7.2/avr5/libgcc.a(_exit.o)
 .text.libgcc.prologue
                0x0000000000001822        0x0 /usr/lib/gcc/avr/4.7.2/avr5/libgcc.a(_exit.o)
 .text.libgcc.builtins
                0x0000000000001822        0x0 /usr/lib/gcc/avr/4.7.2/avr5/libgcc.a(_exit.o)
 .text.libgcc.fmul
                0x0000000000001822        0x0 /usr/lib/gcc/avr/4.7.2/avr5/libgcc.a(_exit.o)
 .text.libgcc.mul
                0x0000000000001822        0x0 /usr/lib/gcc/avr/4.7.2/avr5/libgcc.a(_copy_data.o)
 .text.libgcc.div
                0x0000000000001822        0x0 /usr/lib/gcc/avr/4.7.2/avr5/libgcc.a(_copy_data.o)
 .text.libgcc   0x0000000000001822        0x0 /usr/lib/gcc/avr/4.7.2/avr5/libgcc.a(_copy_data.o)
 .text.libgcc.prologue
                0x0000000000001822        0x0 /usr/lib/gcc/avr/4.7.2/avr5/libgcc.a(_copy_data.o)
 .text.libgcc.builtins
                0x0000000000001822        0x0 /usr/lib/gcc/avr/4.7.2/avr5/libgcc.a(_copy_data.o)
 .text.libgcc.fmul
                0x0000000000001822        0x0 /usr/lib/gcc/avr/4.7.2/avr5/libgcc.a(_copy_data.o)
 .text.libgcc.mul
                0x0000000000001822        0x0 /usr/lib/gcc/avr/4.7.2/avr5/libgcc.a(_clear_bss.o)
 .text.libgcc.div
                0x0000000000001822        0x0 /usr/lib/gcc/avr/4.7.2/avr5/libgcc.a(_clear_bss.o)
 .text.libgcc   0x0000000000001822        0x0 /usr/lib/gcc/avr/4.7.2/avr5/libgcc.a(_clear_bss.o)
 .text.libgcc.prologue
                0x0000000000001822        0x0 /usr/lib/gcc/avr/4.7.2/avr5/libgcc.a(_clear_bss.o)
 .text.libgcc.builtins
                0x0000000000001822        0x0 /usr/lib/gcc/avr/4.7.2/avr5/libgcc.a(_clear_bss.o)
 .text.libgcc.fmul
                0x0000000000001822        0x0 /usr/lib/gcc/avr/4.7.2/avr5/libgcc.a(_clear_bss.o)
 .text.libgcc.mul
                0x0000000000001822        0x0 /usr/lib/gcc/avr/4.7.2/avr5/libgcc.a(_udivmodhi4.o)
 .text.libgcc.div
                0x0000000000001822       0x28 /usr/lib/gcc/avr/4.7.2/avr5/libgcc.a(_udivmodhi4.o)
                0x0000000000001822                __udivmodhi4
 .text.libgcc   0x000000000000184a        0x0 /usr/lib/gcc/avr/4.7.2/avr5/libgcc.a(_udivmodhi4.o)
 .text.libgcc.prologue
                0x000000000000184a        0x0 /usr/lib/gcc/avr/4.7.2/avr5/libgcc.a(_udivmodhi4.o)
 .text.libgcc.builtins
                0x000000000000184a        0x0 /usr/lib/gcc/avr/4.7.2/avr5/libgcc.a(_udivmodhi4.o)
 .text.libgcc.fmul
                0x000000000000184a        0x0 /usr/lib/gcc/avr/4.7.2/avr5/libgcc.a(_udivmodhi4.o)
 .text.libgcc.mul
                0x000000000000184a        0x0 /usr/lib/gcc/avr/4.7.2/avr5/libgcc.a(_prologue.o)
 .text.libgcc.div
                0x000000000000184a        0x0 /usr/lib/gcc/avr/4.7.2/avr5/libgcc.a(_prologue.o)
 .text.libgcc   0x000000000000184a        0x0 /usr/lib/gcc/avr/4.7.2/avr5/libgcc.a(_prologue.o)
 .text.libgcc.prologue
                0x000000000000184a       0x38 /usr/lib/gcc/avr/4.7.2/avr5/libgcc.a(_prologue.o)
                0x000000000000184a                __prologue_saves__
 .text.libgcc.builtins
                0x0000000000001882        0x0 /usr/lib/gcc/avr/4.7.2/avr5/libgcc.a(_prologue.o)
 .text.libgcc.fmul
                0x0000000000001882        0x0 /usr/lib/gcc/avr/4.7.2/avr5/libgcc.a(_prologue.o)
 .text.libgcc.mul
                0x0000000000001882        0x0 /usr/lib/gcc/avr/4.7.2/avr5/libgcc.a(_epilogue.o)
 .text.libgcc.div
                0x0000000000001882        0x0 /usr/lib/gcc/avr/4.7.2/avr5/libgcc.a(_epilogue.o)
 .text.libgcc   0x0000000000001882        0x0 /usr/lib/gcc/avr/4.7.2/avr5/libgcc.a(_epilogue.o)
 .text.libgcc.prologue
                0x0000000000001882       0x36 /usr/lib/gcc/avr/4.7.2/avr5/libgcc.a(_epilogue.o)
                0x0000000000001882                __epilogue_restores__
 .text.libgcc.builtins
                0x00000000000018b8        0x0 /usr/lib/gcc/avr/4.7.2/avr5/libgcc.a(_epilogue.o)
 .text.libgcc.fmul
                0x00000000000018b8        0x0 /usr/lib/gcc/avr/4.7.2/avr5/libgcc.a(_epilogue.o)
 .text.libgcc.mul
                0x00000000000018b8        0x0 /usr/lib/gcc/avr/4.7.2/avr5/libgcc.a(_clzsi2.o)
 .text.libgcc.div
                0x00000000000018b8        0x0 /usr/lib/gcc/avr/4.7.2/avr5/libgcc.a(_clzsi2.o)
 .text.libgcc   0x00000000000018b8        0x0 /usr/lib/gcc/avr/4.7.2/avr5/libgcc.a(_clzsi2.o)
 .text.libgcc.prologue
                0x00000000000018b8        0x0 /usr/lib/gcc/avr/4.7.2/avr5/libgcc.a(_clzsi2.o)
 .text.libgcc.builtins
                0x00000000000018b8       0x12 /usr/lib/gcc/avr/4.7.2/avr5/libgcc.a(_clzsi2.o)
                0x00000000000018b8                __clzsi2
 .text.libgcc.fmul
                0x00000000000018ca        0x0 /usr/lib/gcc/avr/4.7.2/avr5/libgcc.a(_clzsi2.o)
 .text.libgcc.mul
                0x00000000000018ca        0x0 /usr/lib/gcc/avr/4.7.2/avr5/libgcc.a(_clzhi2.o)
 .text.libgcc.div
                0x00000000000018ca        0x0 /usr/lib/gcc/avr/4.7.2/avr5/libgcc.a(_clzhi2.o)
 .text.libgcc   0x00000000000018ca        0x0 /usr/lib/gcc/avr/4.7.2/avr5/libgcc.a(_clzhi2.o)
 .text.libgcc.prologue
                0x00000000000018ca        0x0 /usr/lib/gcc/avr/4.7.2/avr5/libgcc.a(_clzhi2.o)
 .text.libgcc.builtins
                0x00000000000018ca       0x24 /usr/lib/gcc/avr/4.7.2/avr5/libgcc.a(_clzhi2.o)
                0x00000000000018ca                __clzhi2
 .text.libgcc.fmul
                0x00000000000018ee        0x0 /usr/lib/gcc/avr/4.7.2/avr5/libgcc.a(_clzhi2.o)
 .text.avr-libc
                0x00000000000018ee      0x26e /usr/lib/gcc/avr/4.7.2/../../../avr/lib/avr5/libc.a(malloc.o)
                0x00000000000018ee                malloc
                0x0000000000001a24                free
 .text.avr-libc
                0x0000000000001b5c       0x2e /usr/lib/gcc/avr/4.7.2/../../../avr/lib/avr5/libc.a(printf.o)
                0x0000000000001b5c                printf
 .text.avr-libc
                0x0000000000001b8a      0x3ba /usr/lib/gcc/avr/4.7.2/../../../avr/lib/avr5/libc.a(vfprintf_std.o)
                0x0000000000001b8a                vfprintf
 .text.avr-libc
                0x0000000000001f44       0x16 /usr/lib/gcc/avr/4.7.2/../../../avr/lib/avr5/libc.a(strnlen_P.o)
                0x0000000000001f44                strnlen_P
 .text.avr-libc
                0x0000000000001f5a       0x16 /usr/lib/gcc/avr/4.7.2/../../../avr/lib/avr5/libc.a(strnlen.o)
                0x0000000000001f5a                strnlen
 .text.avr-libc
                0x0000000000001f70       0x58 /usr/lib/gcc/avr/4.7.2/../../../avr/lib/avr5/libc.a(fputc.o)
                0x0000000000001f70                fputc
 .text.avr-libc
                0x0000000000001fc8       0xbc /usr/lib/gcc/avr/4.7.2/../../../avr/lib/avr5/libc.a(ultoa_invert.o)
                0x0000000000001fc8                __ultoa_invert
                0x0000000000002084                . = ALIGN (0x2)
 *(.fini9)
 .fini9         0x0000000000002084        0x0 /usr/lib/gcc/avr/4.7.2/avr5/libgcc.a(_exit.o)
                0x0000000000002084                exit
                0x0000000000002084                _exit
 *(.fini9)
 *(.fini8)
 *(.fini8)
 *(.fini7)
 *(.fini7)
 *(.fini6)
 *(.fini6)
 *(.fini5)
 *(.fini5)
 *(.fini4)
 *(.fini4)
 *(.fini3)
 *(.fini3)
 *(.fini2)
 *(.fini2)
 *(.fini1)
 *(.fini1)
 *(.fini0)
 .fini0         0x0000000000002084        0x4 /usr/lib/gcc/avr/4.7.2/avr5/libgcc.a(_exit.o)
 *(.fini0)
                0x0000000000002088                _etext = .

.data           0x0000000000800100       0x74 load address 0x0000000000002088
                0x0000000000800100                PROVIDE (__data_start, .)
 *(.data)
 .data          0x0000000000800100        0x0 /usr/lib/gcc/avr/4.7.2/../../../avr/lib/avr5/crtm328p.o
 .data          0x0000000000800100        0x0 ./usermods/example.o
 .data          0x0000000000800100        0x0 ./usermods/motores.o
 .data          0x0000000000800100        0x0 ./usermods/myDelay.o
 .data          0x0000000000800100        0x0 ./usermods/robot.o
 .data          0x0000000000800100        0x0 ./usermods/sensorIR.o
 .data          0x0000000000800100        0x0 ./usermods/uart.o
 .data          0x0000000000800100        0x0 ./usermods/ultrasom.o
 .data          0x0000000000800100        0x0 ./usermods/ultrasom_stepper.o
 .data          0x0000000000800100        0x0 ./sysmods/adc.o
 .data          0x0000000000800100        0x0 ./sysmods/digitalrw.o
 .data          0x0000000000800100        0x0 ./sysmods/led.o
 .data          0x0000000000800100        0x0 ./sysmods/list.o
 .data          0x0000000000800100        0x0 ./sysmods/pwm.o
 .data          0x0000000000800100        0x0 ./sysmods/time.o
 .data          0x0000000000800100        0x0 ./sysmods/uart.o
 .data          0x0000000000800100        0x0 ./main.o
 .data          0x0000000000800100        0x0 /usr/lib/gcc/avr/4.7.2/avr5/libgcc.a(_umulhisi3.o)
 .data          0x0000000000800100        0x0 /usr/lib/gcc/avr/4.7.2/avr5/libgcc.a(_divmodhi4.o)
 .data          0x0000000000800100        0x0 /usr/lib/gcc/avr/4.7.2/avr5/libgcc.a(_exit.o)
 .data          0x0000000000800100        0x0 /usr/lib/gcc/avr/4.7.2/avr5/libgcc.a(_copy_data.o)
 .data          0x0000000000800100        0x0 /usr/lib/gcc/avr/4.7.2/avr5/libgcc.a(_clear_bss.o)
 .data          0x0000000000800100        0x0 /usr/lib/gcc/avr/4.7.2/avr5/libgcc.a(_mul_sf.o)
 .data          0x0000000000800100        0x0 /usr/lib/gcc/avr/4.7.2/avr5/libgcc.a(_div_sf.o)
 .data          0x0000000000800100        0x0 /usr/lib/gcc/avr/4.7.2/avr5/libgcc.a(_gt_sf.o)
 .data          0x0000000000800100        0x0 /usr/lib/gcc/avr/4.7.2/avr5/libgcc.a(_si_to_sf.o)
 .data          0x0000000000800100        0x0 /usr/lib/gcc/avr/4.7.2/avr5/libgcc.a(_sf_to_si.o)
 .data          0x0000000000800100        0x0 /usr/lib/gcc/avr/4.7.2/avr5/libgcc.a(_thenan_sf.o)
 .data          0x0000000000800100        0x0 /usr/lib/gcc/avr/4.7.2/avr5/libgcc.a(_udivmodhi4.o)
 .data          0x0000000000800100        0x0 /usr/lib/gcc/avr/4.7.2/avr5/libgcc.a(_prologue.o)
 .data          0x0000000000800100        0x0 /usr/lib/gcc/avr/4.7.2/avr5/libgcc.a(_epilogue.o)
 .data          0x0000000000800100        0x0 /usr/lib/gcc/avr/4.7.2/avr5/libgcc.a(_clzsi2.o)
 .data          0x0000000000800100        0x0 /usr/lib/gcc/avr/4.7.2/avr5/libgcc.a(_clzhi2.o)
 .data          0x0000000000800100        0x0 /usr/lib/gcc/avr/4.7.2/avr5/libgcc.a(_pack_sf.o)
 .data          0x0000000000800100        0x0 /usr/lib/gcc/avr/4.7.2/avr5/libgcc.a(_unpack_sf.o)
 .data          0x0000000000800100        0x0 /usr/lib/gcc/avr/4.7.2/avr5/libgcc.a(_fpcmp_parts_sf.o)
 .data          0x0000000000800100        0x6 /usr/lib/gcc/avr/4.7.2/../../../avr/lib/avr5/libc.a(malloc.o)
                0x0000000000800100                __malloc_heap_end
                0x0000000000800102                __malloc_heap_start
                0x0000000000800104                __malloc_margin
 .data          0x0000000000800106        0x0 /usr/lib/gcc/avr/4.7.2/../../../avr/lib/avr5/libc.a(iob.o)
 .data          0x0000000000800106        0x0 /usr/lib/gcc/avr/4.7.2/../../../avr/lib/avr5/libc.a(printf.o)
 .data          0x0000000000800106        0x0 /usr/lib/gcc/avr/4.7.2/../../../avr/lib/avr5/libc.a(vfprintf_std.o)
 .data          0x0000000000800106        0x0 /usr/lib/gcc/avr/4.7.2/../../../avr/lib/avr5/libc.a(strnlen_P.o)
 .data          0x0000000000800106        0x0 /usr/lib/gcc/avr/4.7.2/../../../avr/lib/avr5/libc.a(strnlen.o)
 .data          0x0000000000800106        0x0 /usr/lib/gcc/avr/4.7.2/../../../avr/lib/avr5/libc.a(fputc.o)
 .data          0x0000000000800106        0x0 /usr/lib/gcc/avr/4.7.2/../../../avr/lib/avr5/libc.a(ultoa_invert.o)
 *(.data*)
 .data.UART_input
                0x0000000000800106        0xe ./sysmods/uart.o
                0x0000000000800106                UART_input
 .data.UART_output
                0x0000000000800114        0xe ./sysmods/uart.o
                0x0000000000800114                UART_output
 .data.mystdout
                0x0000000000800122        0xe ./main.o
 *(.rodata)
 .rodata        0x0000000000800130        0x8 /usr/lib/gcc/avr/4.7.2/avr5/libgcc.a(_thenan_sf.o)
                0x0000000000800130                __thenan_sf
 *(.rodata*)
 .rodata.str1.1
                0x0000000000800138       0x3b ./usermods/example.o
 *(.gnu.linkonce.d*)
                0x0000000000800174                . = ALIGN (0x2)
 *fill*         0x0000000000800173        0x1 00
                0x0000000000800174                _edata = .
                0x0000000000800174                PROVIDE (__data_end, .)

.bss            0x0000000000800174       0x76
                0x0000000000800174                PROVIDE (__bss_start, .)
 *(.bss)
 .bss           0x0000000000800174        0x0 /usr/lib/gcc/avr/4.7.2/../../../avr/lib/avr5/crtm328p.o
 .bss           0x0000000000800174        0x0 ./usermods/example.o
 .bss           0x0000000000800174        0x0 ./usermods/motores.o
 .bss           0x0000000000800174        0x0 ./usermods/myDelay.o
 .bss           0x0000000000800174        0x0 ./usermods/robot.o
 .bss           0x0000000000800174        0x0 ./usermods/sensorIR.o
 .bss           0x0000000000800174        0x0 ./usermods/uart.o
 .bss           0x0000000000800174        0x0 ./usermods/ultrasom.o
 .bss           0x0000000000800174        0x0 ./usermods/ultrasom_stepper.o
 .bss           0x0000000000800174        0x0 ./sysmods/adc.o
 .bss           0x0000000000800174        0x0 ./sysmods/digitalrw.o
 .bss           0x0000000000800174        0x0 ./sysmods/led.o
 .bss           0x0000000000800174        0x0 ./sysmods/list.o
 .bss           0x0000000000800174        0x0 ./sysmods/pwm.o
 .bss           0x0000000000800174        0x0 ./sysmods/time.o
 .bss           0x0000000000800174        0x0 ./sysmods/uart.o
 .bss           0x0000000000800174        0x0 ./main.o
 .bss           0x0000000000800174        0x0 /usr/lib/gcc/avr/4.7.2/avr5/libgcc.a(_umulhisi3.o)
 .bss           0x0000000000800174        0x0 /usr/lib/gcc/avr/4.7.2/avr5/libgcc.a(_divmodhi4.o)
 .bss           0x0000000000800174        0x0 /usr/lib/gcc/avr/4.7.2/avr5/libgcc.a(_exit.o)
 .bss           0x0000000000800174        0x0 /usr/lib/gcc/avr/4.7.2/avr5/libgcc.a(_copy_data.o)
 .bss           0x0000000000800174        0x0 /usr/lib/gcc/avr/4.7.2/avr5/libgcc.a(_clear_bss.o)
 .bss           0x0000000000800174        0x0 /usr/lib/gcc/avr/4.7.2/avr5/libgcc.a(_mul_sf.o)
 .bss           0x0000000000800174        0x0 /usr/lib/gcc/avr/4.7.2/avr5/libgcc.a(_div_sf.o)
 .bss           0x0000000000800174        0x0 /usr/lib/gcc/avr/4.7.2/avr5/libgcc.a(_gt_sf.o)
 .bss           0x0000000000800174        0x0 /usr/lib/gcc/avr/4.7.2/avr5/libgcc.a(_si_to_sf.o)
 .bss           0x0000000000800174        0x0 /usr/lib/gcc/avr/4.7.2/avr5/libgcc.a(_sf_to_si.o)
 .bss           0x0000000000800174        0x0 /usr/lib/gcc/avr/4.7.2/avr5/libgcc.a(_thenan_sf.o)
 .bss           0x0000000000800174        0x0 /usr/lib/gcc/avr/4.7.2/avr5/libgcc.a(_udivmodhi4.o)
 .bss           0x0000000000800174        0x0 /usr/lib/gcc/avr/4.7.2/avr5/libgcc.a(_prologue.o)
 .bss           0x0000000000800174        0x0 /usr/lib/gcc/avr/4.7.2/avr5/libgcc.a(_epilogue.o)
 .bss           0x0000000000800174        0x0 /usr/lib/gcc/avr/4.7.2/avr5/libgcc.a(_clzsi2.o)
 .bss           0x0000000000800174        0x0 /usr/lib/gcc/avr/4.7.2/avr5/libgcc.a(_clzhi2.o)
 .bss           0x0000000000800174        0x0 /usr/lib/gcc/avr/4.7.2/avr5/libgcc.a(_pack_sf.o)
 .bss           0x0000000000800174        0x0 /usr/lib/gcc/avr/4.7.2/avr5/libgcc.a(_unpack_sf.o)
 .bss           0x0000000000800174        0x0 /usr/lib/gcc/avr/4.7.2/avr5/libgcc.a(_fpcmp_parts_sf.o)
 .bss           0x0000000000800174        0x0 /usr/lib/gcc/avr/4.7.2/../../../avr/lib/avr5/libc.a(malloc.o)
 .bss           0x0000000000800174        0x0 /usr/lib/gcc/avr/4.7.2/../../../avr/lib/avr5/libc.a(iob.o)
 .bss           0x0000000000800174        0x0 /usr/lib/gcc/avr/4.7.2/../../../avr/lib/avr5/libc.a(printf.o)
 .bss           0x0000000000800174        0x0 /usr/lib/gcc/avr/4.7.2/../../../avr/lib/avr5/libc.a(vfprintf_std.o)
 .bss           0x0000000000800174        0x0 /usr/lib/gcc/avr/4.7.2/../../../avr/lib/avr5/libc.a(strnlen_P.o)
 .bss           0x0000000000800174        0x0 /usr/lib/gcc/avr/4.7.2/../../../avr/lib/avr5/libc.a(strnlen.o)
 .bss           0x0000000000800174        0x0 /usr/lib/gcc/avr/4.7.2/../../../avr/lib/avr5/libc.a(fputc.o)
 .bss           0x0000000000800174        0x0 /usr/lib/gcc/avr/4.7.2/../../../avr/lib/avr5/libc.a(ultoa_invert.o)
 *(.bss*)
 .bss.count_uart.2231
                0x0000000000800174        0x1 ./usermods/robot.o
 .bss.received.2235
                0x0000000000800175        0x1 ./usermods/robot.o
 .bss.autonomous_flag.2238
                0x0000000000800176        0x1 ./usermods/robot.o
 .bss.IR_obstaculo.2236
                0x0000000000800177        0x2 ./usermods/robot.o
 .bss.flag_autonomous_obstacle.2239
                0x0000000000800179        0x1 ./usermods/robot.o
 .bss.count_adc.2233
                0x000000000080017a        0x1 ./usermods/robot.o
 .bss.obstacle_flag.2237
                0x000000000080017b        0x1 ./usermods/robot.o
 .bss.ciclosClock_motor.2234
                0x000000000080017c        0x1 ./usermods/robot.o
 .bss.count_pwm.2232
                0x000000000080017d        0x1 ./usermods/robot.o
 .bss.UART_LastRxError
                0x000000000080017e        0x1 ./usermods/uart.o
 .bss.UART_RxTail
                0x000000000080017f        0x1 ./usermods/uart.o
 .bss.UART_RxHead
                0x0000000000800180        0x1 ./usermods/uart.o
 .bss.UART_TxTail
                0x0000000000800181        0x1 ./usermods/uart.o
 .bss.UART_TxHead
                0x0000000000800182        0x1 ./usermods/uart.o
 .bss.UART_RxBuf
                0x0000000000800183       0x20 ./usermods/uart.o
 .bss.UART_TxBuf
                0x00000000008001a3       0x20 ./usermods/uart.o
 .bss.led_num_toggles
                0x00000000008001c3        0x1 ./sysmods/led.o
 .bss.led_toggle_n.1553
                0x00000000008001c4        0x1 ./sysmods/led.o
 .bss.TIME_curr_time
                0x00000000008001c5        0x1 ./sysmods/time.o
 .bss.TIME_last_time
                0x00000000008001c6        0x1 ./sysmods/time.o
 .bss.t1ms_n200us.1595
                0x00000000008001c7        0x1 ./sysmods/time.o
 .bss.t10ms_n200us.1596
                0x00000000008001c8        0x1 ./sysmods/time.o
 .bss.t50ms_n10ms.1597
                0x00000000008001c9        0x1 ./sysmods/time.o
 .bss.t100ms_n10ms.1598
                0x00000000008001ca        0x1 ./sysmods/time.o
 *(COMMON)
 COMMON         0x00000000008001cb        0x4 ./usermods/example.o
                0x00000000008001cb                EXAMPLE_timer_pwm
                0x00000000008001cc                second
                0x00000000008001cd                EXAMPLE_timer_adc
                0x00000000008001ce                pwm_value
 COMMON         0x00000000008001cf        0x3 ./usermods/robot.o
                0x00000000008001cf                ROBOT_timer_uart
                0x00000000008001d0                ROBOT_timer_adc
                0x00000000008001d1                ROBOT_timer_pwm
 COMMON         0x00000000008001d2        0x1 ./usermods/uart.o
                0x00000000008001d2                autonomous
 COMMON         0x00000000008001d3        0x6 ./sysmods/digitalrw.o
                0x00000000008001d3                DIGITALRW_head
                0x00000000008001d5                DIGITALRW_timer
 COMMON         0x00000000008001d9        0x1 ./sysmods/led.o
                0x00000000008001d9                LED_timer
 COMMON         0x00000000008001da        0x6 ./sysmods/pwm.o
                0x00000000008001da                PWM_head
                0x00000000008001dc                PWM_timer
 COMMON         0x00000000008001e0        0x4 /usr/lib/gcc/avr/4.7.2/../../../avr/lib/avr5/libc.a(malloc.o)
                0x00000000008001e0                __brkval
                0x00000000008001e2                __flp
 COMMON         0x00000000008001e4        0x6 /usr/lib/gcc/avr/4.7.2/../../../avr/lib/avr5/libc.a(iob.o)
                0x00000000008001e4                __iob
                0x00000000008001ea                PROVIDE (__bss_end, .)
                0x0000000000002088                __data_load_start = LOADADDR (.data)
                0x00000000000020fc                __data_load_end = (__data_load_start + SIZEOF (.data))

.noinit         0x00000000008001ea        0x0
                0x00000000008001ea                PROVIDE (__noinit_start, .)
 *(.noinit*)
                0x00000000008001ea                PROVIDE (__noinit_end, .)
                0x00000000008001ea                _end = .
                0x00000000008001ea                PROVIDE (__heap_start, .)

.eeprom         0x0000000000810000        0x0
 *(.eeprom*)
                0x0000000000810000                __eeprom_end = .

.fuse
 *(.fuse)
 *(.lfuse)
 *(.hfuse)
 *(.efuse)

.lock
 *(.lock*)

.signature
 *(.signature*)

.stab           0x0000000000000000     0x2334
 *(.stab)
 .stab          0x0000000000000000      0x6cc /usr/lib/gcc/avr/4.7.2/../../../avr/lib/avr5/crtm328p.o
 .stab          0x00000000000006cc      0x78c /usr/lib/gcc/avr/4.7.2/../../../avr/lib/avr5/libc.a(malloc.o)
                                        0x798 (size before relaxing)
 .stab          0x0000000000000e58      0x180 /usr/lib/gcc/avr/4.7.2/../../../avr/lib/avr5/libc.a(iob.o)
                                        0x30c (size before relaxing)
 .stab          0x0000000000000fd8      0x1bc /usr/lib/gcc/avr/4.7.2/../../../avr/lib/avr5/libc.a(printf.o)
                                        0x39c (size before relaxing)
 .stab          0x0000000000001194      0xa14 /usr/lib/gcc/avr/4.7.2/../../../avr/lib/avr5/libc.a(vfprintf_std.o)
                                        0xc24 (size before relaxing)
 .stab          0x0000000000001ba8       0x9c /usr/lib/gcc/avr/4.7.2/../../../avr/lib/avr5/libc.a(strnlen_P.o)
                                         0xa8 (size before relaxing)
 .stab          0x0000000000001c44       0x9c /usr/lib/gcc/avr/4.7.2/../../../avr/lib/avr5/libc.a(strnlen.o)
                                         0xa8 (size before relaxing)
 .stab          0x0000000000001ce0      0x1d4 /usr/lib/gcc/avr/4.7.2/../../../avr/lib/avr5/libc.a(fputc.o)
                                        0x3b4 (size before relaxing)
 .stab          0x0000000000001eb4      0x480 /usr/lib/gcc/avr/4.7.2/../../../avr/lib/avr5/libc.a(ultoa_invert.o)
                                        0x48c (size before relaxing)

.stabstr        0x0000000000000000      0xcdf
 *(.stabstr)
 .stabstr       0x0000000000000000      0xcdf /usr/lib/gcc/avr/4.7.2/../../../avr/lib/avr5/crtm328p.o

.stab.excl
 *(.stab.excl)

.stab.exclstr
 *(.stab.exclstr)

.stab.index
 *(.stab.index)

.stab.indexstr
 *(.stab.indexstr)

.comment        0x0000000000000000       0x22
 *(.comment)
 .comment       0x0000000000000000       0x11 ./usermods/example.o
                                         0x12 (size before relaxing)
 .comment       0x0000000000000000       0x12 ./usermods/motores.o
 .comment       0x0000000000000000       0x12 ./usermods/myDelay.o
 .comment       0x0000000000000000       0x12 ./usermods/robot.o
 .comment       0x0000000000000000       0x12 ./usermods/sensorIR.o
 .comment       0x0000000000000000       0x12 ./usermods/uart.o
 .comment       0x0000000000000000       0x12 ./usermods/ultrasom.o
 .comment       0x0000000000000000       0x12 ./usermods/ultrasom_stepper.o
 .comment       0x0000000000000000       0x12 ./sysmods/adc.o
 .comment       0x0000000000000000       0x12 ./sysmods/digitalrw.o
 .comment       0x0000000000000000       0x12 ./sysmods/led.o
 .comment       0x0000000000000000       0x12 ./sysmods/list.o
 .comment       0x0000000000000000       0x12 ./sysmods/pwm.o
 .comment       0x0000000000000000       0x12 ./sysmods/time.o
 .comment       0x0000000000000000       0x12 ./sysmods/uart.o
 .comment       0x0000000000000000       0x12 ./main.o
 .comment       0x0000000000000000       0x12 /usr/lib/gcc/avr/4.7.2/avr5/libgcc.a(_mul_sf.o)
 .comment       0x0000000000000000       0x12 /usr/lib/gcc/avr/4.7.2/avr5/libgcc.a(_div_sf.o)
 .comment       0x0000000000000000       0x12 /usr/lib/gcc/avr/4.7.2/avr5/libgcc.a(_gt_sf.o)
 .comment       0x0000000000000000       0x12 /usr/lib/gcc/avr/4.7.2/avr5/libgcc.a(_si_to_sf.o)
 .comment       0x0000000000000000       0x12 /usr/lib/gcc/avr/4.7.2/avr5/libgcc.a(_sf_to_si.o)
 .comment       0x0000000000000000       0x12 /usr/lib/gcc/avr/4.7.2/avr5/libgcc.a(_thenan_sf.o)
 .comment       0x0000000000000000       0x12 /usr/lib/gcc/avr/4.7.2/avr5/libgcc.a(_pack_sf.o)
 .comment       0x0000000000000000       0x12 /usr/lib/gcc/avr/4.7.2/avr5/libgcc.a(_unpack_sf.o)
 .comment       0x0000000000000000       0x12 /usr/lib/gcc/avr/4.7.2/avr5/libgcc.a(_fpcmp_parts_sf.o)
 .comment       0x0000000000000011       0x11 /usr/lib/gcc/avr/4.7.2/../../../avr/lib/avr5/libc.a(malloc.o)
                                         0x12 (size before relaxing)
 .comment       0x0000000000000000       0x12 /usr/lib/gcc/avr/4.7.2/../../../avr/lib/avr5/libc.a(iob.o)
 .comment       0x0000000000000000       0x12 /usr/lib/gcc/avr/4.7.2/../../../avr/lib/avr5/libc.a(printf.o)
 .comment       0x0000000000000000       0x12 /usr/lib/gcc/avr/4.7.2/../../../avr/lib/avr5/libc.a(vfprintf_std.o)
 .comment       0x0000000000000000       0x12 /usr/lib/gcc/avr/4.7.2/../../../avr/lib/avr5/libc.a(fputc.o)

.debug
 *(.debug)

.line
 *(.line)

.debug_srcinfo
 *(.debug_srcinfo)

.debug_sfnames
 *(.debug_sfnames)

.debug_aranges
 *(.debug_aranges)

.debug_pubnames
 *(.debug_pubnames)

.debug_info
 *(.debug_info)
 *(.gnu.linkonce.wi.*)

.debug_abbrev
 *(.debug_abbrev)

.debug_line
 *(.debug_line)

.debug_frame
 *(.debug_frame)

.debug_str
 *(.debug_str)

.debug_loc
 *(.debug_loc)

.debug_macinfo
 *(.debug_macinfo)
OUTPUT(robot_aic_os.elf elf32-avr)
LOAD linker stubs
