Archive member included because of file (symbol)

/usr/lib/gcc/avr/4.7.2/avr5/libgcc.a(_umulhisi3.o)
                              ./usermods/ultrasom.o (__umulhisi3)
/usr/lib/gcc/avr/4.7.2/avr5/libgcc.a(_divmodhi4.o)
                              ./usermods/sensorIR.o (__divmodhi4)
/usr/lib/gcc/avr/4.7.2/avr5/libgcc.a(_exit.o)
                              /usr/lib/gcc/avr/4.7.2/../../../avr/lib/avr5/crtm328p.o (exit)
/usr/lib/gcc/avr/4.7.2/avr5/libgcc.a(_copy_data.o)
                              ./usermods/example.o (__do_copy_data)
/usr/lib/gcc/avr/4.7.2/avr5/libgcc.a(_clear_bss.o)
                              ./usermods/example.o (__do_clear_bss)
/usr/lib/gcc/avr/4.7.2/avr5/libgcc.a(_mul_sf.o)
                              ./usermods/ultrasom_stepper.o (__mulsf3)
/usr/lib/gcc/avr/4.7.2/avr5/libgcc.a(_div_sf.o)
                              ./usermods/ultrasom_stepper.o (__divsf3)
/usr/lib/gcc/avr/4.7.2/avr5/libgcc.a(_gt_sf.o)
                              ./usermods/ultrasom_stepper.o (__gtsf2)
/usr/lib/gcc/avr/4.7.2/avr5/libgcc.a(_si_to_sf.o)
                              ./usermods/ultrasom_stepper.o (__floatsisf)
/usr/lib/gcc/avr/4.7.2/avr5/libgcc.a(_sf_to_si.o)
                              ./usermods/ultrasom_stepper.o (__fixsfsi)
/usr/lib/gcc/avr/4.7.2/avr5/libgcc.a(_thenan_sf.o)
                              /usr/lib/gcc/avr/4.7.2/avr5/libgcc.a(_mul_sf.o) (__thenan_sf)
/usr/lib/gcc/avr/4.7.2/avr5/libgcc.a(_udivmodhi4.o)
                              /usr/lib/gcc/avr/4.7.2/avr5/libgcc.a(_divmodhi4.o) (__udivmodhi4)
/usr/lib/gcc/avr/4.7.2/avr5/libgcc.a(_prologue.o)
                              /usr/lib/gcc/avr/4.7.2/avr5/libgcc.a(_mul_sf.o) (__prologue_saves__)
/usr/lib/gcc/avr/4.7.2/avr5/libgcc.a(_epilogue.o)
                              /usr/lib/gcc/avr/4.7.2/avr5/libgcc.a(_mul_sf.o) (__epilogue_restores__)
/usr/lib/gcc/avr/4.7.2/avr5/libgcc.a(_clzsi2.o)
                              /usr/lib/gcc/avr/4.7.2/avr5/libgcc.a(_si_to_sf.o) (__clzsi2)
/usr/lib/gcc/avr/4.7.2/avr5/libgcc.a(_clzhi2.o)
                              /usr/lib/gcc/avr/4.7.2/avr5/libgcc.a(_clzsi2.o) (__clzhi2)
/usr/lib/gcc/avr/4.7.2/avr5/libgcc.a(_pack_sf.o)
                              /usr/lib/gcc/avr/4.7.2/avr5/libgcc.a(_mul_sf.o) (__pack_f)
/usr/lib/gcc/avr/4.7.2/avr5/libgcc.a(_unpack_sf.o)
                              /usr/lib/gcc/avr/4.7.2/avr5/libgcc.a(_mul_sf.o) (__unpack_f)
/usr/lib/gcc/avr/4.7.2/avr5/libgcc.a(_fpcmp_parts_sf.o)
                              /usr/lib/gcc/avr/4.7.2/avr5/libgcc.a(_gt_sf.o) (__fpcmp_parts_f)
/usr/lib/gcc/avr/4.7.2/../../../avr/lib/avr5/libc.a(malloc.o)
                              ./sysmods/list.o (malloc)
/usr/lib/gcc/avr/4.7.2/../../../avr/lib/avr5/libc.a(iob.o)
                              ./sysmods/uart.o (__iob)
/usr/lib/gcc/avr/4.7.2/../../../avr/lib/avr5/libc.a(printf.o)
                              ./usermods/example.o (printf)
/usr/lib/gcc/avr/4.7.2/../../../avr/lib/avr5/libc.a(vfprintf_std.o)
                              /usr/lib/gcc/avr/4.7.2/../../../avr/lib/avr5/libc.a(printf.o) (vfprintf)
/usr/lib/gcc/avr/4.7.2/../../../avr/lib/avr5/libc.a(strnlen_P.o)
                              /usr/lib/gcc/avr/4.7.2/../../../avr/lib/avr5/libc.a(vfprintf_std.o) (strnlen_P)
/usr/lib/gcc/avr/4.7.2/../../../avr/lib/avr5/libc.a(strnlen.o)
                              /usr/lib/gcc/avr/4.7.2/../../../avr/lib/avr5/libc.a(vfprintf_std.o) (strnlen)
/usr/lib/gcc/avr/4.7.2/../../../avr/lib/avr5/libc.a(fputc.o)
                              /usr/lib/gcc/avr/4.7.2/../../../avr/lib/avr5/libc.a(vfprintf_std.o) (fputc)
/usr/lib/gcc/avr/4.7.2/../../../avr/lib/avr5/libc.a(ultoa_invert.o)
                              /usr/lib/gcc/avr/4.7.2/../../../avr/lib/avr5/libc.a(vfprintf_std.o) (__ultoa_invert)

Allocating common symbols
Common symbol       size              file

ROBOT_timer_sonar   0x1               ./usermods/robot.o
EXAMPLE_timer_pwm   0x1               ./usermods/example.o
ROBOT_timer_uart    0x1               ./usermods/robot.o
PWM_head            0x2               ./sysmods/pwm.o
second              0x1               ./usermods/example.o
PWM_timer           0x4               ./sysmods/pwm.o
EXAMPLE_timer_adc   0x1               ./usermods/example.o
__brkval            0x2               /usr/lib/gcc/avr/4.7.2/../../../avr/lib/avr5/libc.a(malloc.o)
autonomous          0x1               ./usermods/uart.o
ROBOT_timer_adc     0x1               ./usermods/robot.o
pwm_value           0x1               ./usermods/example.o
LED_timer           0x1               ./sysmods/led.o
DIGITALRW_head      0x2               ./sysmods/digitalrw.o
ROBOT_timer_pwm     0x1               ./usermods/robot.o
DIGITALRW_timer     0x4               ./sysmods/digitalrw.o
__flp               0x2               /usr/lib/gcc/avr/4.7.2/../../../avr/lib/avr5/libc.a(malloc.o)
__iob               0x6               /usr/lib/gcc/avr/4.7.2/../../../avr/lib/avr5/libc.a(iob.o)

Memory Configuration

Name             Origin             Length             Attributes
text             0x0000000000000000 0x0000000000020000 xr
data             0x0000000000800060 0x000000000000ffa0 rw !x
eeprom           0x0000000000810000 0x0000000000010000 rw !x
fuse             0x0000000000820000 0x0000000000000400 rw !x
lock             0x0000000000830000 0x0000000000000400 rw !x
signature        0x0000000000840000 0x0000000000000400 rw !x
*default*        0x0000000000000000 0xffffffffffffffff

Linker script and memory map

Address of section .data set to 0x800100
LOAD /usr/lib/gcc/avr/4.7.2/../../../avr/lib/avr5/crtm328p.o
LOAD ./usermods/example.o
LOAD ./usermods/motores.o
LOAD ./usermods/myDelay.o
LOAD ./usermods/robot.o
LOAD ./usermods/sensorIR.o
LOAD ./usermods/uart.o
LOAD ./usermods/ultrasom.o
LOAD ./usermods/ultrasom_stepper.o
LOAD ./sysmods/adc.o
LOAD ./sysmods/digitalrw.o
LOAD ./sysmods/led.o
LOAD ./sysmods/list.o
LOAD ./sysmods/pwm.o
LOAD ./sysmods/time.o
LOAD ./sysmods/uart.o
LOAD ./main.o
LOAD /usr/lib/gcc/avr/4.7.2/avr5/libgcc.a
LOAD /usr/lib/gcc/avr/4.7.2/../../../avr/lib/avr5/libc.a
LOAD /usr/lib/gcc/avr/4.7.2/avr5/libgcc.a

.hash
 *(.hash)

.dynsym
 *(.dynsym)

.dynstr
 *(.dynstr)

.gnu.version
 *(.gnu.version)

.gnu.version_d
 *(.gnu.version_d)

.gnu.version_r
 *(.gnu.version_r)

.rel.init
 *(.rel.init)

.rela.init
 *(.rela.init)

.rel.text
 *(.rel.text)
 *(.rel.text.*)
 *(.rel.gnu.linkonce.t*)

.rela.text
 *(.rela.text)
 *(.rela.text.*)
 *(.rela.gnu.linkonce.t*)

.rel.fini
 *(.rel.fini)

.rela.fini
 *(.rela.fini)

.rel.rodata
 *(.rel.rodata)
 *(.rel.rodata.*)
 *(.rel.gnu.linkonce.r*)

.rela.rodata
 *(.rela.rodata)
 *(.rela.rodata.*)
 *(.rela.gnu.linkonce.r*)

.rel.data
 *(.rel.data)
 *(.rel.data.*)
 *(.rel.gnu.linkonce.d*)

.rela.data
 *(.rela.data)
 *(.rela.data.*)
 *(.rela.gnu.linkonce.d*)

.rel.ctors
 *(.rel.ctors)

.rela.ctors
 *(.rela.ctors)

.rel.dtors
 *(.rel.dtors)

.rela.dtors
 *(.rela.dtors)

.rel.got
 *(.rel.got)

.rela.got
 *(.rela.got)

.rel.bss
 *(.rel.bss)

.rela.bss
 *(.rela.bss)

.rel.plt
 *(.rel.plt)

.rela.plt
 *(.rela.plt)

.text           0x0000000000000000     0x2176
 *(.vectors)
 .vectors       0x0000000000000000       0x68 /usr/lib/gcc/avr/4.7.2/../../../avr/lib/avr5/crtm328p.o
                0x0000000000000000                __vectors
                0x0000000000000000                __vector_default
 *(.vectors)
 *(.progmem.gcc*)
 *(.progmem*)
                0x0000000000000068                . = ALIGN (0x2)
                0x0000000000000068                __trampolines_start = .
 *(.trampolines)
 .trampolines   0x0000000000000068        0x0 linker stubs
 *(.trampolines*)
                0x0000000000000068                __trampolines_end = .
 *(.jumptables)
 *(.jumptables*)
 *(.lowtext)
 *(.lowtext*)
                0x0000000000000068                __ctors_start = .
 *(.ctors)
                0x0000000000000068                __ctors_end = .
                0x0000000000000068                __dtors_start = .
 *(.dtors)
                0x0000000000000068                __dtors_end = .
 SORT(*)(.ctors)
 SORT(*)(.dtors)
 *(.init0)
 .init0         0x0000000000000068        0x0 /usr/lib/gcc/avr/4.7.2/../../../avr/lib/avr5/crtm328p.o
                0x0000000000000068                __init
 *(.init0)
 *(.init1)
 *(.init1)
 *(.init2)
 .init2         0x0000000000000068        0xc /usr/lib/gcc/avr/4.7.2/../../../avr/lib/avr5/crtm328p.o
 *(.init2)
 *(.init3)
 *(.init3)
 *(.init4)
 .init4         0x0000000000000074       0x16 /usr/lib/gcc/avr/4.7.2/avr5/libgcc.a(_copy_data.o)
                0x0000000000000074                __do_copy_data
 .init4         0x000000000000008a       0x10 /usr/lib/gcc/avr/4.7.2/avr5/libgcc.a(_clear_bss.o)
                0x000000000000008a                __do_clear_bss
 *(.init4)
 *(.init5)
 *(.init5)
 *(.init6)
 *(.init6)
 *(.init7)
 *(.init7)
 *(.init8)
 *(.init8)
 *(.init9)
 .init9         0x000000000000009a        0x8 /usr/lib/gcc/avr/4.7.2/../../../avr/lib/avr5/crtm328p.o
 *(.init9)
 *(.text)
 .text          0x00000000000000a2        0x4 /usr/lib/gcc/avr/4.7.2/../../../avr/lib/avr5/crtm328p.o
                0x00000000000000a2                __vector_22
                0x00000000000000a2                __vector_1
                0x00000000000000a2                __vector_24
                0x00000000000000a2                __vector_12
                0x00000000000000a2                __bad_interrupt
                0x00000000000000a2                __vector_6
                0x00000000000000a2                __vector_3
                0x00000000000000a2                __vector_23
                0x00000000000000a2                __vector_25
                0x00000000000000a2                __vector_11
                0x00000000000000a2                __vector_13
                0x00000000000000a2                __vector_17
                0x00000000000000a2                __vector_5
                0x00000000000000a2                __vector_4
                0x00000000000000a2                __vector_9
                0x00000000000000a2                __vector_2
                0x00000000000000a2                __vector_21
                0x00000000000000a2                __vector_15
                0x00000000000000a2                __vector_8
                0x00000000000000a2                __vector_14
                0x00000000000000a2                __vector_10
                0x00000000000000a2                __vector_16
                0x00000000000000a2                __vector_20
 .text          0x00000000000000a6        0x0 ./usermods/example.o
 .text          0x00000000000000a6        0x0 ./usermods/motores.o
 .text          0x00000000000000a6        0x0 ./usermods/myDelay.o
 .text          0x00000000000000a6        0x0 ./usermods/robot.o
 .text          0x00000000000000a6        0x0 ./usermods/sensorIR.o
 .text          0x00000000000000a6        0x0 ./usermods/uart.o
 .text          0x00000000000000a6        0x0 ./usermods/ultrasom.o
 .text          0x00000000000000a6        0x0 ./usermods/ultrasom_stepper.o
 .text          0x00000000000000a6        0x0 ./sysmods/adc.o
 .text          0x00000000000000a6        0x0 ./sysmods/digitalrw.o
 .text          0x00000000000000a6        0x0 ./sysmods/led.o
 .text          0x00000000000000a6        0x0 ./sysmods/list.o
 .text          0x00000000000000a6        0x0 ./sysmods/pwm.o
 .text          0x00000000000000a6        0x0 ./sysmods/time.o
 .text          0x00000000000000a6        0x0 ./sysmods/uart.o
 .text          0x00000000000000a6        0x0 ./main.o
 .text          0x00000000000000a6        0x0 /usr/lib/gcc/avr/4.7.2/avr5/libgcc.a(_umulhisi3.o)
 .text          0x00000000000000a6        0x0 /usr/lib/gcc/avr/4.7.2/avr5/libgcc.a(_divmodhi4.o)
 .text          0x00000000000000a6        0x0 /usr/lib/gcc/avr/4.7.2/avr5/libgcc.a(_exit.o)
 .text          0x00000000000000a6        0x0 /usr/lib/gcc/avr/4.7.2/avr5/libgcc.a(_copy_data.o)
 .text          0x00000000000000a6        0x0 /usr/lib/gcc/avr/4.7.2/avr5/libgcc.a(_clear_bss.o)
 .text          0x00000000000000a6      0x1ca /usr/lib/gcc/avr/4.7.2/avr5/libgcc.a(_mul_sf.o)
                0x00000000000000a6                __mulsf3
 .text          0x0000000000000270      0x146 /usr/lib/gcc/avr/4.7.2/avr5/libgcc.a(_div_sf.o)
                0x0000000000000270                __divsf3
 .text          0x00000000000003b6       0x5e /usr/lib/gcc/avr/4.7.2/avr5/libgcc.a(_gt_sf.o)
                0x00000000000003b6                __gtsf2
 .text          0x0000000000000414       0xb8 /usr/lib/gcc/avr/4.7.2/avr5/libgcc.a(_si_to_sf.o)
                0x0000000000000414                __floatsisf
 .text          0x00000000000004cc       0x9e /usr/lib/gcc/avr/4.7.2/avr5/libgcc.a(_sf_to_si.o)
                0x00000000000004cc                __fixsfsi
 .text          0x000000000000056a        0x0 /usr/lib/gcc/avr/4.7.2/avr5/libgcc.a(_thenan_sf.o)
 .text          0x000000000000056a        0x0 /usr/lib/gcc/avr/4.7.2/avr5/libgcc.a(_udivmodhi4.o)
 .text          0x000000000000056a        0x0 /usr/lib/gcc/avr/4.7.2/avr5/libgcc.a(_prologue.o)
 .text          0x000000000000056a        0x0 /usr/lib/gcc/avr/4.7.2/avr5/libgcc.a(_epilogue.o)
 .text          0x000000000000056a        0x0 /usr/lib/gcc/avr/4.7.2/avr5/libgcc.a(_clzsi2.o)
 .text          0x000000000000056a        0x0 /usr/lib/gcc/avr/4.7.2/avr5/libgcc.a(_clzhi2.o)
 .text          0x000000000000056a      0x194 /usr/lib/gcc/avr/4.7.2/avr5/libgcc.a(_pack_sf.o)
                0x000000000000056a                __pack_f
 .text          0x00000000000006fe       0xde /usr/lib/gcc/avr/4.7.2/avr5/libgcc.a(_unpack_sf.o)
                0x00000000000006fe                __unpack_f
 .text          0x00000000000007dc       0xc2 /usr/lib/gcc/avr/4.7.2/avr5/libgcc.a(_fpcmp_parts_sf.o)
                0x00000000000007dc                __fpcmp_parts_f
 .text          0x000000000000089e        0x0 /usr/lib/gcc/avr/4.7.2/../../../avr/lib/avr5/libc.a(malloc.o)
 .text          0x000000000000089e        0x0 /usr/lib/gcc/avr/4.7.2/../../../avr/lib/avr5/libc.a(iob.o)
 .text          0x000000000000089e        0x0 /usr/lib/gcc/avr/4.7.2/../../../avr/lib/avr5/libc.a(printf.o)
 .text          0x000000000000089e        0x0 /usr/lib/gcc/avr/4.7.2/../../../avr/lib/avr5/libc.a(vfprintf_std.o)
 .text          0x000000000000089e        0x0 /usr/lib/gcc/avr/4.7.2/../../../avr/lib/avr5/libc.a(strnlen_P.o)
 .text          0x000000000000089e        0x0 /usr/lib/gcc/avr/4.7.2/../../../avr/lib/avr5/libc.a(strnlen.o)
 .text          0x000000000000089e        0x0 /usr/lib/gcc/avr/4.7.2/../../../avr/lib/avr5/libc.a(fputc.o)
 .text          0x000000000000089e        0x0 /usr/lib/gcc/avr/4.7.2/../../../avr/lib/avr5/libc.a(ultoa_invert.o)
                0x000000000000089e                . = ALIGN (0x2)
 *(.text.*)
 .text.EXAMPLE_init
                0x000000000000089e        0x2 ./usermods/example.o
                0x000000000000089e                EXAMPLE_init
 .text.EXAMPLE_task
                0x00000000000008a0       0x6e ./usermods/example.o
                0x00000000000008a0                EXAMPLE_task
 .text.goBack   0x000000000000090e       0x1a ./usermods/motores.o
                0x000000000000090e                goBack
 .text.goForward
                0x0000000000000928       0x1a ./usermods/motores.o
                0x0000000000000928                goForward
 .text.goLeft   0x0000000000000942       0x18 ./usermods/motores.o
                0x0000000000000942                goLeft
 .text.goRight  0x000000000000095a       0x1a ./usermods/motores.o
                0x000000000000095a                goRight
 .text.stopMove
                0x0000000000000974        0x6 ./usermods/motores.o
                0x0000000000000974                stopMove
 .text.turn     0x000000000000097a        0xc ./usermods/motores.o
                0x000000000000097a                turn
 .text.mydelay_ms
                0x0000000000000986       0x16 ./usermods/myDelay.o
                0x0000000000000986                mydelay_ms
 .text.mydelay_us
                0x000000000000099c       0x12 ./usermods/myDelay.o
                0x000000000000099c                mydelay_us
 .text.ROBOT_init
                0x00000000000009ae        0x2 ./usermods/robot.o
                0x00000000000009ae                ROBOT_init
 .text.ROBOT_task
                0x00000000000009b0      0x2d4 ./usermods/robot.o
                0x00000000000009b0                ROBOT_task
 .text.obstacleAlarm
                0x0000000000000c84       0x20 ./usermods/sensorIR.o
                0x0000000000000c84                obstacleAlarm
 .text.ir_convertToDistance
                0x0000000000000ca4       0x16 ./usermods/sensorIR.o
                0x0000000000000ca4                ir_convertToDistance
 .text.verificaObstaculoIR
                0x0000000000000cba       0x48 ./usermods/sensorIR.o
                0x0000000000000cba                verificaObstaculoIR
 .text.__vector_18
                0x0000000000000d02       0x66 ./usermods/uart.o
                0x0000000000000d02                __vector_18
 .text.__vector_19
                0x0000000000000d68       0x54 ./usermods/uart.o
                0x0000000000000d68                __vector_19
 .text.uart_init
                0x0000000000000dbc       0x32 ./usermods/uart.o
                0x0000000000000dbc                uart_init
 .text.uart_getc
                0x0000000000000dee       0x38 ./usermods/uart.o
                0x0000000000000dee                uart_getc
 .text.uart_putc
                0x0000000000000e26       0x2a ./usermods/uart.o
                0x0000000000000e26                uart_putc
 .text.uart_puts
                0x0000000000000e50       0x3c ./usermods/uart.o
                0x0000000000000e50                uart_puts
 .text.uart_puts_p
                0x0000000000000e8c       0x44 ./usermods/uart.o
                0x0000000000000e8c                uart_puts_p
 .text.usart_putchar_printf
                0x0000000000000ed0       0x5e ./usermods/uart.o
                0x0000000000000ed0                usart_putchar_printf
 .text.uart_available
                0x0000000000000f2e       0x1a ./usermods/uart.o
                0x0000000000000f2e                uart_available
 .text.uart_flush
                0x0000000000000f48        0xa ./usermods/uart.o
                0x0000000000000f48                uart_flush
 .text.getPulseWidth
                0x0000000000000f52       0xa0 ./usermods/ultrasom.o
                0x0000000000000f52                getPulseWidth
 .text.get_UltrasoundData
                0x0000000000000ff2       0x5a ./usermods/ultrasom.o
                0x0000000000000ff2                get_UltrasoundData
 .text.sweep_sonar
                0x000000000000104c       0x24 ./usermods/ultrasom.o
                0x000000000000104c                sweep_sonar
 .text.rotate   0x0000000000001070       0x70 ./usermods/ultrasom_stepper.o
                0x0000000000001070                rotate
 .text.set_stepper_zero
                0x00000000000010e0       0x22 ./usermods/ultrasom_stepper.o
                0x00000000000010e0                set_stepper_zero
 .text.sonar_rotate
                0x0000000000001102       0xa0 ./usermods/ultrasom_stepper.o
                0x0000000000001102                sonar_rotate
 .text.rotateDeg
                0x00000000000011a2       0xc4 ./usermods/ultrasom_stepper.o
                0x00000000000011a2                rotateDeg
 .text.stepper_sweep
                0x0000000000001266       0x28 ./usermods/ultrasom_stepper.o
                0x0000000000001266                stepper_sweep
 .text.ADC_init_10bit
                0x000000000000128e       0x16 ./sysmods/adc.o
                0x000000000000128e                ADC_init_10bit
 .text.ADC_init_8bit
                0x00000000000012a4       0x16 ./sysmods/adc.o
                0x00000000000012a4                ADC_init_8bit
 .text.ADC_read_10bit
                0x00000000000012ba       0x32 ./sysmods/adc.o
                0x00000000000012ba                ADC_read_10bit
 .text.ADC_read_8bit
                0x00000000000012ec       0x2c ./sysmods/adc.o
                0x00000000000012ec                ADC_read_8bit
 .text.ADC_off  0x0000000000001318        0xc ./sysmods/adc.o
                0x0000000000001318                ADC_off
 .text.ADC_ref_AVCC
                0x0000000000001324       0x12 ./sysmods/adc.o
                0x0000000000001324                ADC_ref_AVCC
 .text.ADC_ref_1V
                0x0000000000001336        0xc ./sysmods/adc.o
                0x0000000000001336                ADC_ref_1V
 .text.DIGITALRW_toggle_func
                0x0000000000001342       0x18 ./sysmods/digitalrw.o
                0x0000000000001342                DIGITALRW_toggle_func
 .text.DIGITALRW_init
                0x000000000000135a        0x2 ./sysmods/digitalrw.o
                0x000000000000135a                DIGITALRW_init
 .text.DIGITALRW_write_timed
                0x000000000000135c       0x74 ./sysmods/digitalrw.o
                0x000000000000135c                DIGITALRW_write_timed
 .text.DIGITALRW_task
                0x00000000000013d0       0x1c ./sysmods/digitalrw.o
                0x00000000000013d0                DIGITALRW_task
 .text.LED_init
                0x00000000000013ec        0xa ./sysmods/led.o
                0x00000000000013ec                LED_init
 .text.LED_task
                0x00000000000013f6       0x3e ./sysmods/led.o
                0x00000000000013f6                LED_task
 .text.LIST_insert
                0x0000000000001434       0x7e ./sysmods/list.o
                0x0000000000001434                LIST_insert
 .text.LIST_remove_expired
                0x00000000000014b2       0xa6 ./sysmods/list.o
                0x00000000000014b2                LIST_remove_expired
 .text.PWM_reset_expired
                0x0000000000001558        0x8 ./sysmods/pwm.o
                0x0000000000001558                PWM_reset_expired
 .text.PWM_init
                0x0000000000001560       0x64 ./sysmods/pwm.o
                0x0000000000001560                PWM_init
 .text.PWM_write_timed
                0x00000000000015c4       0x36 ./sysmods/pwm.o
                0x00000000000015c4                PWM_write_timed
 .text.PWM_task
                0x00000000000015fa       0x1c ./sysmods/pwm.o
                0x00000000000015fa                PWM_task
 .text.TIME_init
                0x0000000000001616       0x18 ./sysmods/time.o
                0x0000000000001616                TIME_init
 .text.__vector_7
                0x000000000000162e       0x34 ./sysmods/time.o
                0x000000000000162e                __vector_7
 .text.TIME_task
                0x0000000000001662       0xe4 ./sysmods/time.o
                0x0000000000001662                TIME_task
 .text.UART_putchar
                0x0000000000001746       0x20 ./sysmods/uart.o
                0x0000000000001746                UART_putchar
 .text.UART_getchar
                0x0000000000001766        0xe ./sysmods/uart.o
                0x0000000000001766                UART_getchar
 .text.UART_init
                0x0000000000001774       0x3a ./sysmods/uart.o
                0x0000000000001774                UART_init
 .text.avr_init
                0x00000000000017ae        0x4 ./main.o
                0x00000000000017ae                avr_init
 .text.timer0_init
                0x00000000000017b2       0x48 ./main.o
                0x00000000000017b2                timer0_init
 .text.ADC_init
                0x00000000000017fa       0x84 ./main.o
                0x00000000000017fa                ADC_init
 .text.uartInit
                0x000000000000187e       0x16 ./main.o
                0x000000000000187e                uartInit
 .text.alarm_init
                0x0000000000001894        0x6 ./main.o
                0x0000000000001894                alarm_init
 .text.startup.main
                0x000000000000189a       0x36 ./main.o
                0x000000000000189a                main
 .text.libgcc.mul
                0x00000000000018d0       0x18 /usr/lib/gcc/avr/4.7.2/avr5/libgcc.a(_umulhisi3.o)
                0x00000000000018d0                __umulhisi3
 .text.libgcc.div
                0x00000000000018e8        0x0 /usr/lib/gcc/avr/4.7.2/avr5/libgcc.a(_umulhisi3.o)
 .text.libgcc   0x00000000000018e8        0x0 /usr/lib/gcc/avr/4.7.2/avr5/libgcc.a(_umulhisi3.o)
 .text.libgcc.prologue
                0x00000000000018e8        0x0 /usr/lib/gcc/avr/4.7.2/avr5/libgcc.a(_umulhisi3.o)
 .text.libgcc.builtins
                0x00000000000018e8        0x0 /usr/lib/gcc/avr/4.7.2/avr5/libgcc.a(_umulhisi3.o)
 .text.libgcc.fmul
                0x00000000000018e8        0x0 /usr/lib/gcc/avr/4.7.2/avr5/libgcc.a(_umulhisi3.o)
 .text.libgcc.mul
                0x00000000000018e8        0x0 /usr/lib/gcc/avr/4.7.2/avr5/libgcc.a(_divmodhi4.o)
 .text.libgcc.div
                0x00000000000018e8       0x28 /usr/lib/gcc/avr/4.7.2/avr5/libgcc.a(_divmodhi4.o)
                0x00000000000018e8                __divmodhi4
                0x00000000000018e8                _div
 .text.libgcc   0x0000000000001910        0x0 /usr/lib/gcc/avr/4.7.2/avr5/libgcc.a(_divmodhi4.o)
 .text.libgcc.prologue
                0x0000000000001910        0x0 /usr/lib/gcc/avr/4.7.2/avr5/libgcc.a(_divmodhi4.o)
 .text.libgcc.builtins
                0x0000000000001910        0x0 /usr/lib/gcc/avr/4.7.2/avr5/libgcc.a(_divmodhi4.o)
 .text.libgcc.fmul
                0x0000000000001910        0x0 /usr/lib/gcc/avr/4.7.2/avr5/libgcc.a(_divmodhi4.o)
 .text.libgcc.mul
                0x0000000000001910        0x0 /usr/lib/gcc/avr/4.7.2/avr5/libgcc.a(_exit.o)
 .text.libgcc.div
                0x0000000000001910        0x0 /usr/lib/gcc/avr/4.7.2/avr5/libgcc.a(_exit.o)
 .text.libgcc   0x0000000000001910        0x0 /usr/lib/gcc/avr/4.7.2/avr5/libgcc.a(_exit.o)
 .text.libgcc.prologue
                0x0000000000001910        0x0 /usr/lib/gcc/avr/4.7.2/avr5/libgcc.a(_exit.o)
 .text.libgcc.builtins
                0x0000000000001910        0x0 /usr/lib/gcc/avr/4.7.2/avr5/libgcc.a(_exit.o)
 .text.libgcc.fmul
                0x0000000000001910        0x0 /usr/lib/gcc/avr/4.7.2/avr5/libgcc.a(_exit.o)
 .text.libgcc.mul
                0x0000000000001910        0x0 /usr/lib/gcc/avr/4.7.2/avr5/libgcc.a(_copy_data.o)
 .text.libgcc.div
                0x0000000000001910        0x0 /usr/lib/gcc/avr/4.7.2/avr5/libgcc.a(_copy_data.o)
 .text.libgcc   0x0000000000001910        0x0 /usr/lib/gcc/avr/4.7.2/avr5/libgcc.a(_copy_data.o)
 .text.libgcc.prologue
                0x0000000000001910        0x0 /usr/lib/gcc/avr/4.7.2/avr5/libgcc.a(_copy_data.o)
 .text.libgcc.builtins
                0x0000000000001910        0x0 /usr/lib/gcc/avr/4.7.2/avr5/libgcc.a(_copy_data.o)
 .text.libgcc.fmul
                0x0000000000001910        0x0 /usr/lib/gcc/avr/4.7.2/avr5/libgcc.a(_copy_data.o)
 .text.libgcc.mul
                0x0000000000001910        0x0 /usr/lib/gcc/avr/4.7.2/avr5/libgcc.a(_clear_bss.o)
 .text.libgcc.div
                0x0000000000001910        0x0 /usr/lib/gcc/avr/4.7.2/avr5/libgcc.a(_clear_bss.o)
 .text.libgcc   0x0000000000001910        0x0 /usr/lib/gcc/avr/4.7.2/avr5/libgcc.a(_clear_bss.o)
 .text.libgcc.prologue
                0x0000000000001910        0x0 /usr/lib/gcc/avr/4.7.2/avr5/libgcc.a(_clear_bss.o)
 .text.libgcc.builtins
                0x0000000000001910        0x0 /usr/lib/gcc/avr/4.7.2/avr5/libgcc.a(_clear_bss.o)
 .text.libgcc.fmul
                0x0000000000001910        0x0 /usr/lib/gcc/avr/4.7.2/avr5/libgcc.a(_clear_bss.o)
 .text.libgcc.mul
                0x0000000000001910        0x0 /usr/lib/gcc/avr/4.7.2/avr5/libgcc.a(_udivmodhi4.o)
 .text.libgcc.div
                0x0000000000001910       0x28 /usr/lib/gcc/avr/4.7.2/avr5/libgcc.a(_udivmodhi4.o)
                0x0000000000001910                __udivmodhi4
 .text.libgcc   0x0000000000001938        0x0 /usr/lib/gcc/avr/4.7.2/avr5/libgcc.a(_udivmodhi4.o)
 .text.libgcc.prologue
                0x0000000000001938        0x0 /usr/lib/gcc/avr/4.7.2/avr5/libgcc.a(_udivmodhi4.o)
 .text.libgcc.builtins
                0x0000000000001938        0x0 /usr/lib/gcc/avr/4.7.2/avr5/libgcc.a(_udivmodhi4.o)
 .text.libgcc.fmul
                0x0000000000001938        0x0 /usr/lib/gcc/avr/4.7.2/avr5/libgcc.a(_udivmodhi4.o)
 .text.libgcc.mul
                0x0000000000001938        0x0 /usr/lib/gcc/avr/4.7.2/avr5/libgcc.a(_prologue.o)
 .text.libgcc.div
                0x0000000000001938        0x0 /usr/lib/gcc/avr/4.7.2/avr5/libgcc.a(_prologue.o)
 .text.libgcc   0x0000000000001938        0x0 /usr/lib/gcc/avr/4.7.2/avr5/libgcc.a(_prologue.o)
 .text.libgcc.prologue
                0x0000000000001938       0x38 /usr/lib/gcc/avr/4.7.2/avr5/libgcc.a(_prologue.o)
                0x0000000000001938                __prologue_saves__
 .text.libgcc.builtins
                0x0000000000001970        0x0 /usr/lib/gcc/avr/4.7.2/avr5/libgcc.a(_prologue.o)
 .text.libgcc.fmul
                0x0000000000001970        0x0 /usr/lib/gcc/avr/4.7.2/avr5/libgcc.a(_prologue.o)
 .text.libgcc.mul
                0x0000000000001970        0x0 /usr/lib/gcc/avr/4.7.2/avr5/libgcc.a(_epilogue.o)
 .text.libgcc.div
                0x0000000000001970        0x0 /usr/lib/gcc/avr/4.7.2/avr5/libgcc.a(_epilogue.o)
 .text.libgcc   0x0000000000001970        0x0 /usr/lib/gcc/avr/4.7.2/avr5/libgcc.a(_epilogue.o)
 .text.libgcc.prologue
                0x0000000000001970       0x36 /usr/lib/gcc/avr/4.7.2/avr5/libgcc.a(_epilogue.o)
                0x0000000000001970                __epilogue_restores__
 .text.libgcc.builtins
                0x00000000000019a6        0x0 /usr/lib/gcc/avr/4.7.2/avr5/libgcc.a(_epilogue.o)
 .text.libgcc.fmul
                0x00000000000019a6        0x0 /usr/lib/gcc/avr/4.7.2/avr5/libgcc.a(_epilogue.o)
 .text.libgcc.mul
                0x00000000000019a6        0x0 /usr/lib/gcc/avr/4.7.2/avr5/libgcc.a(_clzsi2.o)
 .text.libgcc.div
                0x00000000000019a6        0x0 /usr/lib/gcc/avr/4.7.2/avr5/libgcc.a(_clzsi2.o)
 .text.libgcc   0x00000000000019a6        0x0 /usr/lib/gcc/avr/4.7.2/avr5/libgcc.a(_clzsi2.o)
 .text.libgcc.prologue
                0x00000000000019a6        0x0 /usr/lib/gcc/avr/4.7.2/avr5/libgcc.a(_clzsi2.o)
 .text.libgcc.builtins
                0x00000000000019a6       0x12 /usr/lib/gcc/avr/4.7.2/avr5/libgcc.a(_clzsi2.o)
                0x00000000000019a6                __clzsi2
 .text.libgcc.fmul
                0x00000000000019b8        0x0 /usr/lib/gcc/avr/4.7.2/avr5/libgcc.a(_clzsi2.o)
 .text.libgcc.mul
                0x00000000000019b8        0x0 /usr/lib/gcc/avr/4.7.2/avr5/libgcc.a(_clzhi2.o)
 .text.libgcc.div
                0x00000000000019b8        0x0 /usr/lib/gcc/avr/4.7.2/avr5/libgcc.a(_clzhi2.o)
 .text.libgcc   0x00000000000019b8        0x0 /usr/lib/gcc/avr/4.7.2/avr5/libgcc.a(_clzhi2.o)
 .text.libgcc.prologue
                0x00000000000019b8        0x0 /usr/lib/gcc/avr/4.7.2/avr5/libgcc.a(_clzhi2.o)
 .text.libgcc.builtins
                0x00000000000019b8       0x24 /usr/lib/gcc/avr/4.7.2/avr5/libgcc.a(_clzhi2.o)
                0x00000000000019b8                __clzhi2
 .text.libgcc.fmul
                0x00000000000019dc        0x0 /usr/lib/gcc/avr/4.7.2/avr5/libgcc.a(_clzhi2.o)
 .text.avr-libc
                0x00000000000019dc      0x26e /usr/lib/gcc/avr/4.7.2/../../../avr/lib/avr5/libc.a(malloc.o)
                0x00000000000019dc                malloc
                0x0000000000001b12                free
 .text.avr-libc
                0x0000000000001c4a       0x2e /usr/lib/gcc/avr/4.7.2/../../../avr/lib/avr5/libc.a(printf.o)
                0x0000000000001c4a                printf
 .text.avr-libc
                0x0000000000001c78      0x3ba /usr/lib/gcc/avr/4.7.2/../../../avr/lib/avr5/libc.a(vfprintf_std.o)
                0x0000000000001c78                vfprintf
 .text.avr-libc
                0x0000000000002032       0x16 /usr/lib/gcc/avr/4.7.2/../../../avr/lib/avr5/libc.a(strnlen_P.o)
                0x0000000000002032                strnlen_P
 .text.avr-libc
                0x0000000000002048       0x16 /usr/lib/gcc/avr/4.7.2/../../../avr/lib/avr5/libc.a(strnlen.o)
                0x0000000000002048                strnlen
 .text.avr-libc
                0x000000000000205e       0x58 /usr/lib/gcc/avr/4.7.2/../../../avr/lib/avr5/libc.a(fputc.o)
                0x000000000000205e                fputc
 .text.avr-libc
                0x00000000000020b6       0xbc /usr/lib/gcc/avr/4.7.2/../../../avr/lib/avr5/libc.a(ultoa_invert.o)
                0x00000000000020b6                __ultoa_invert
                0x0000000000002172                . = ALIGN (0x2)
 *(.fini9)
 .fini9         0x0000000000002172        0x0 /usr/lib/gcc/avr/4.7.2/avr5/libgcc.a(_exit.o)
                0x0000000000002172                exit
                0x0000000000002172                _exit
 *(.fini9)
 *(.fini8)
 *(.fini8)
 *(.fini7)
 *(.fini7)
 *(.fini6)
 *(.fini6)
 *(.fini5)
 *(.fini5)
 *(.fini4)
 *(.fini4)
 *(.fini3)
 *(.fini3)
 *(.fini2)
 *(.fini2)
 *(.fini1)
 *(.fini1)
 *(.fini0)
 .fini0         0x0000000000002172        0x4 /usr/lib/gcc/avr/4.7.2/avr5/libgcc.a(_exit.o)
 *(.fini0)
                0x0000000000002176                _etext = .

.data           0x0000000000800100       0xac load address 0x0000000000002176
                0x0000000000800100                PROVIDE (__data_start, .)
 *(.data)
 .data          0x0000000000800100        0x0 /usr/lib/gcc/avr/4.7.2/../../../avr/lib/avr5/crtm328p.o
 .data          0x0000000000800100        0x0 ./usermods/example.o
 .data          0x0000000000800100        0x0 ./usermods/motores.o
 .data          0x0000000000800100        0x0 ./usermods/myDelay.o
 .data          0x0000000000800100        0x0 ./usermods/robot.o
 .data          0x0000000000800100        0x0 ./usermods/sensorIR.o
 .data          0x0000000000800100        0x0 ./usermods/uart.o
 .data          0x0000000000800100        0x0 ./usermods/ultrasom.o
 .data          0x0000000000800100        0x0 ./usermods/ultrasom_stepper.o
 .data          0x0000000000800100        0x0 ./sysmods/adc.o
 .data          0x0000000000800100        0x0 ./sysmods/digitalrw.o
 .data          0x0000000000800100        0x0 ./sysmods/led.o
 .data          0x0000000000800100        0x0 ./sysmods/list.o
 .data          0x0000000000800100        0x0 ./sysmods/pwm.o
 .data          0x0000000000800100        0x0 ./sysmods/time.o
 .data          0x0000000000800100        0x0 ./sysmods/uart.o
 .data          0x0000000000800100        0x0 ./main.o
 .data          0x0000000000800100        0x0 /usr/lib/gcc/avr/4.7.2/avr5/libgcc.a(_umulhisi3.o)
 .data          0x0000000000800100        0x0 /usr/lib/gcc/avr/4.7.2/avr5/libgcc.a(_divmodhi4.o)
 .data          0x0000000000800100        0x0 /usr/lib/gcc/avr/4.7.2/avr5/libgcc.a(_exit.o)
 .data          0x0000000000800100        0x0 /usr/lib/gcc/avr/4.7.2/avr5/libgcc.a(_copy_data.o)
 .data          0x0000000000800100        0x0 /usr/lib/gcc/avr/4.7.2/avr5/libgcc.a(_clear_bss.o)
 .data          0x0000000000800100        0x0 /usr/lib/gcc/avr/4.7.2/avr5/libgcc.a(_mul_sf.o)
 .data          0x0000000000800100        0x0 /usr/lib/gcc/avr/4.7.2/avr5/libgcc.a(_div_sf.o)
 .data          0x0000000000800100        0x0 /usr/lib/gcc/avr/4.7.2/avr5/libgcc.a(_gt_sf.o)
 .data          0x0000000000800100        0x0 /usr/lib/gcc/avr/4.7.2/avr5/libgcc.a(_si_to_sf.o)
 .data          0x0000000000800100        0x0 /usr/lib/gcc/avr/4.7.2/avr5/libgcc.a(_sf_to_si.o)
 .data          0x0000000000800100        0x0 /usr/lib/gcc/avr/4.7.2/avr5/libgcc.a(_thenan_sf.o)
 .data          0x0000000000800100        0x0 /usr/lib/gcc/avr/4.7.2/avr5/libgcc.a(_udivmodhi4.o)
 .data          0x0000000000800100        0x0 /usr/lib/gcc/avr/4.7.2/avr5/libgcc.a(_prologue.o)
 .data          0x0000000000800100        0x0 /usr/lib/gcc/avr/4.7.2/avr5/libgcc.a(_epilogue.o)
 .data          0x0000000000800100        0x0 /usr/lib/gcc/avr/4.7.2/avr5/libgcc.a(_clzsi2.o)
 .data          0x0000000000800100        0x0 /usr/lib/gcc/avr/4.7.2/avr5/libgcc.a(_clzhi2.o)
 .data          0x0000000000800100        0x0 /usr/lib/gcc/avr/4.7.2/avr5/libgcc.a(_pack_sf.o)
 .data          0x0000000000800100        0x0 /usr/lib/gcc/avr/4.7.2/avr5/libgcc.a(_unpack_sf.o)
 .data          0x0000000000800100        0x0 /usr/lib/gcc/avr/4.7.2/avr5/libgcc.a(_fpcmp_parts_sf.o)
 .data          0x0000000000800100        0x6 /usr/lib/gcc/avr/4.7.2/../../../avr/lib/avr5/libc.a(malloc.o)
                0x0000000000800100                __malloc_heap_end
                0x0000000000800102                __malloc_heap_start
                0x0000000000800104                __malloc_margin
 .data          0x0000000000800106        0x0 /usr/lib/gcc/avr/4.7.2/../../../avr/lib/avr5/libc.a(iob.o)
 .data          0x0000000000800106        0x0 /usr/lib/gcc/avr/4.7.2/../../../avr/lib/avr5/libc.a(printf.o)
 .data          0x0000000000800106        0x0 /usr/lib/gcc/avr/4.7.2/../../../avr/lib/avr5/libc.a(vfprintf_std.o)
 .data          0x0000000000800106        0x0 /usr/lib/gcc/avr/4.7.2/../../../avr/lib/avr5/libc.a(strnlen_P.o)
 .data          0x0000000000800106        0x0 /usr/lib/gcc/avr/4.7.2/../../../avr/lib/avr5/libc.a(strnlen.o)
 .data          0x0000000000800106        0x0 /usr/lib/gcc/avr/4.7.2/../../../avr/lib/avr5/libc.a(fputc.o)
 .data          0x0000000000800106        0x0 /usr/lib/gcc/avr/4.7.2/../../../avr/lib/avr5/libc.a(ultoa_invert.o)
 *(.data*)
 .data.UART_input
                0x0000000000800106        0xe ./sysmods/uart.o
                0x0000000000800106                UART_input
 .data.UART_output
                0x0000000000800114        0xe ./sysmods/uart.o
                0x0000000000800114                UART_output
 .data.mystdout
                0x0000000000800122        0xe ./main.o
 *(.rodata)
 .rodata        0x0000000000800130        0x8 /usr/lib/gcc/avr/4.7.2/avr5/libgcc.a(_thenan_sf.o)
                0x0000000000800130                __thenan_sf
 *(.rodata*)
 .rodata.str1.1
                0x0000000000800138       0x3b ./usermods/example.o
 .rodata.str1.1
                0x0000000000800173       0x27 ./usermods/robot.o
 .rodata.str1.1
                0x000000000080019a       0x11 ./usermods/ultrasom.o
 *(.gnu.linkonce.d*)
                0x00000000008001ac                . = ALIGN (0x2)
 *fill*         0x00000000008001ab        0x1 00
                0x00000000008001ac                _edata = .
                0x00000000008001ac                PROVIDE (__data_end, .)

.bss            0x00000000008001ac       0x7d
                0x00000000008001ac                PROVIDE (__bss_start, .)
 *(.bss)
 .bss           0x00000000008001ac        0x0 /usr/lib/gcc/avr/4.7.2/../../../avr/lib/avr5/crtm328p.o
 .bss           0x00000000008001ac        0x0 ./usermods/example.o
 .bss           0x00000000008001ac        0x0 ./usermods/motores.o
 .bss           0x00000000008001ac        0x0 ./usermods/myDelay.o
 .bss           0x00000000008001ac        0x0 ./usermods/robot.o
 .bss           0x00000000008001ac        0x0 ./usermods/sensorIR.o
 .bss           0x00000000008001ac        0x0 ./usermods/uart.o
 .bss           0x00000000008001ac        0x0 ./usermods/ultrasom.o
 .bss           0x00000000008001ac        0x0 ./usermods/ultrasom_stepper.o
 .bss           0x00000000008001ac        0x0 ./sysmods/adc.o
 .bss           0x00000000008001ac        0x0 ./sysmods/digitalrw.o
 .bss           0x00000000008001ac        0x0 ./sysmods/led.o
 .bss           0x00000000008001ac        0x0 ./sysmods/list.o
 .bss           0x00000000008001ac        0x0 ./sysmods/pwm.o
 .bss           0x00000000008001ac        0x0 ./sysmods/time.o
 .bss           0x00000000008001ac        0x0 ./sysmods/uart.o
 .bss           0x00000000008001ac        0x0 ./main.o
 .bss           0x00000000008001ac        0x0 /usr/lib/gcc/avr/4.7.2/avr5/libgcc.a(_umulhisi3.o)
 .bss           0x00000000008001ac        0x0 /usr/lib/gcc/avr/4.7.2/avr5/libgcc.a(_divmodhi4.o)
 .bss           0x00000000008001ac        0x0 /usr/lib/gcc/avr/4.7.2/avr5/libgcc.a(_exit.o)
 .bss           0x00000000008001ac        0x0 /usr/lib/gcc/avr/4.7.2/avr5/libgcc.a(_copy_data.o)
 .bss           0x00000000008001ac        0x0 /usr/lib/gcc/avr/4.7.2/avr5/libgcc.a(_clear_bss.o)
 .bss           0x00000000008001ac        0x0 /usr/lib/gcc/avr/4.7.2/avr5/libgcc.a(_mul_sf.o)
 .bss           0x00000000008001ac        0x0 /usr/lib/gcc/avr/4.7.2/avr5/libgcc.a(_div_sf.o)
 .bss           0x00000000008001ac        0x0 /usr/lib/gcc/avr/4.7.2/avr5/libgcc.a(_gt_sf.o)
 .bss           0x00000000008001ac        0x0 /usr/lib/gcc/avr/4.7.2/avr5/libgcc.a(_si_to_sf.o)
 .bss           0x00000000008001ac        0x0 /usr/lib/gcc/avr/4.7.2/avr5/libgcc.a(_sf_to_si.o)
 .bss           0x00000000008001ac        0x0 /usr/lib/gcc/avr/4.7.2/avr5/libgcc.a(_thenan_sf.o)
 .bss           0x00000000008001ac        0x0 /usr/lib/gcc/avr/4.7.2/avr5/libgcc.a(_udivmodhi4.o)
 .bss           0x00000000008001ac        0x0 /usr/lib/gcc/avr/4.7.2/avr5/libgcc.a(_prologue.o)
 .bss           0x00000000008001ac        0x0 /usr/lib/gcc/avr/4.7.2/avr5/libgcc.a(_epilogue.o)
 .bss           0x00000000008001ac        0x0 /usr/lib/gcc/avr/4.7.2/avr5/libgcc.a(_clzsi2.o)
 .bss           0x00000000008001ac        0x0 /usr/lib/gcc/avr/4.7.2/avr5/libgcc.a(_clzhi2.o)
 .bss           0x00000000008001ac        0x0 /usr/lib/gcc/avr/4.7.2/avr5/libgcc.a(_pack_sf.o)
 .bss           0x00000000008001ac        0x0 /usr/lib/gcc/avr/4.7.2/avr5/libgcc.a(_unpack_sf.o)
 .bss           0x00000000008001ac        0x0 /usr/lib/gcc/avr/4.7.2/avr5/libgcc.a(_fpcmp_parts_sf.o)
 .bss           0x00000000008001ac        0x0 /usr/lib/gcc/avr/4.7.2/../../../avr/lib/avr5/libc.a(malloc.o)
 .bss           0x00000000008001ac        0x0 /usr/lib/gcc/avr/4.7.2/../../../avr/lib/avr5/libc.a(iob.o)
 .bss           0x00000000008001ac        0x0 /usr/lib/gcc/avr/4.7.2/../../../avr/lib/avr5/libc.a(printf.o)
 .bss           0x00000000008001ac        0x0 /usr/lib/gcc/avr/4.7.2/../../../avr/lib/avr5/libc.a(vfprintf_std.o)
 .bss           0x00000000008001ac        0x0 /usr/lib/gcc/avr/4.7.2/../../../avr/lib/avr5/libc.a(strnlen_P.o)
 .bss           0x00000000008001ac        0x0 /usr/lib/gcc/avr/4.7.2/../../../avr/lib/avr5/libc.a(strnlen.o)
 .bss           0x00000000008001ac        0x0 /usr/lib/gcc/avr/4.7.2/../../../avr/lib/avr5/libc.a(fputc.o)
 .bss           0x00000000008001ac        0x0 /usr/lib/gcc/avr/4.7.2/../../../avr/lib/avr5/libc.a(ultoa_invert.o)
 *(.bss*)
 .bss.count_uart.2255
                0x00000000008001ac        0x1 ./usermods/robot.o
 .bss.received.2260
                0x00000000008001ad        0x1 ./usermods/robot.o
 .bss.autonomous_flag.2266
                0x00000000008001ae        0x1 ./usermods/robot.o
 .bss.IR_obstaculo.2261
                0x00000000008001af        0x1 ./usermods/robot.o
 .bss.flag_autonomous_obstacle_ir.2267
                0x00000000008001b0        0x1 ./usermods/robot.o
 .bss.count_adc.2257
                0x00000000008001b1        0x1 ./usermods/robot.o
 .bss.obstacle_flag_ir.2264
                0x00000000008001b2        0x1 ./usermods/robot.o
 .bss.SONAR_obstaculo.2262
                0x00000000008001b3        0x2 ./usermods/robot.o
 .bss.flag_autonomous_obstacle_sonar.2268
                0x00000000008001b5        0x1 ./usermods/robot.o
 .bss.flag_autonomous_obstacle.2269
                0x00000000008001b6        0x1 ./usermods/robot.o
 .bss.count_sonar.2258
                0x00000000008001b7        0x1 ./usermods/robot.o
 .bss.obstacle_flag_sonar.2263
                0x00000000008001b8        0x1 ./usermods/robot.o
 .bss.obstacle_flag.2265
                0x00000000008001b9        0x1 ./usermods/robot.o
 .bss.ciclosClock_motor.2259
                0x00000000008001ba        0x1 ./usermods/robot.o
 .bss.count_pwm.2256
                0x00000000008001bb        0x1 ./usermods/robot.o
 .bss.UART_LastRxError
                0x00000000008001bc        0x1 ./usermods/uart.o
 .bss.UART_RxTail
                0x00000000008001bd        0x1 ./usermods/uart.o
 .bss.UART_RxHead
                0x00000000008001be        0x1 ./usermods/uart.o
 .bss.UART_TxTail
                0x00000000008001bf        0x1 ./usermods/uart.o
 .bss.UART_TxHead
                0x00000000008001c0        0x1 ./usermods/uart.o
 .bss.UART_RxBuf
                0x00000000008001c1       0x20 ./usermods/uart.o
 .bss.UART_TxBuf
                0x00000000008001e1       0x20 ./usermods/uart.o
 .bss.led_num_toggles
                0x0000000000800201        0x1 ./sysmods/led.o
 .bss.led_toggle_n.1553
                0x0000000000800202        0x1 ./sysmods/led.o
 .bss.TIME_curr_time
                0x0000000000800203        0x1 ./sysmods/time.o
 .bss.TIME_last_time
                0x0000000000800204        0x1 ./sysmods/time.o
 .bss.t1ms_n200us.1776
                0x0000000000800205        0x1 ./sysmods/time.o
 .bss.t10ms_n200us.1777
                0x0000000000800206        0x1 ./sysmods/time.o
 .bss.t50ms_n10ms.1778
                0x0000000000800207        0x1 ./sysmods/time.o
 .bss.t100ms_n10ms.1779
                0x0000000000800208        0x1 ./sysmods/time.o
 *(COMMON)
 COMMON         0x0000000000800209        0x4 ./usermods/example.o
                0x0000000000800209                EXAMPLE_timer_pwm
                0x000000000080020a                second
                0x000000000080020b                EXAMPLE_timer_adc
                0x000000000080020c                pwm_value
 COMMON         0x000000000080020d        0x4 ./usermods/robot.o
                0x000000000080020d                ROBOT_timer_sonar
                0x000000000080020e                ROBOT_timer_uart
                0x000000000080020f                ROBOT_timer_adc
                0x0000000000800210                ROBOT_timer_pwm
 COMMON         0x0000000000800211        0x1 ./usermods/uart.o
                0x0000000000800211                autonomous
 COMMON         0x0000000000800212        0x6 ./sysmods/digitalrw.o
                0x0000000000800212                DIGITALRW_head
                0x0000000000800214                DIGITALRW_timer
 COMMON         0x0000000000800218        0x1 ./sysmods/led.o
                0x0000000000800218                LED_timer
 COMMON         0x0000000000800219        0x6 ./sysmods/pwm.o
                0x0000000000800219                PWM_head
                0x000000000080021b                PWM_timer
 COMMON         0x000000000080021f        0x4 /usr/lib/gcc/avr/4.7.2/../../../avr/lib/avr5/libc.a(malloc.o)
                0x000000000080021f                __brkval
                0x0000000000800221                __flp
 COMMON         0x0000000000800223        0x6 /usr/lib/gcc/avr/4.7.2/../../../avr/lib/avr5/libc.a(iob.o)
                0x0000000000800223                __iob
                0x0000000000800229                PROVIDE (__bss_end, .)
                0x0000000000002176                __data_load_start = LOADADDR (.data)
                0x0000000000002222                __data_load_end = (__data_load_start + SIZEOF (.data))

.noinit         0x0000000000800229        0x0
                0x0000000000800229                PROVIDE (__noinit_start, .)
 *(.noinit*)
                0x0000000000800229                PROVIDE (__noinit_end, .)
                0x0000000000800229                _end = .
                0x0000000000800229                PROVIDE (__heap_start, .)

.eeprom         0x0000000000810000        0x0
 *(.eeprom*)
                0x0000000000810000                __eeprom_end = .

.fuse
 *(.fuse)
 *(.lfuse)
 *(.hfuse)
 *(.efuse)

.lock
 *(.lock*)

.signature
 *(.signature*)

.stab           0x0000000000000000     0x2334
 *(.stab)
 .stab          0x0000000000000000      0x6cc /usr/lib/gcc/avr/4.7.2/../../../avr/lib/avr5/crtm328p.o
 .stab          0x00000000000006cc      0x78c /usr/lib/gcc/avr/4.7.2/../../../avr/lib/avr5/libc.a(malloc.o)
                                        0x798 (size before relaxing)
 .stab          0x0000000000000e58      0x180 /usr/lib/gcc/avr/4.7.2/../../../avr/lib/avr5/libc.a(iob.o)
                                        0x30c (size before relaxing)
 .stab          0x0000000000000fd8      0x1bc /usr/lib/gcc/avr/4.7.2/../../../avr/lib/avr5/libc.a(printf.o)
                                        0x39c (size before relaxing)
 .stab          0x0000000000001194      0xa14 /usr/lib/gcc/avr/4.7.2/../../../avr/lib/avr5/libc.a(vfprintf_std.o)
                                        0xc24 (size before relaxing)
 .stab          0x0000000000001ba8       0x9c /usr/lib/gcc/avr/4.7.2/../../../avr/lib/avr5/libc.a(strnlen_P.o)
                                         0xa8 (size before relaxing)
 .stab          0x0000000000001c44       0x9c /usr/lib/gcc/avr/4.7.2/../../../avr/lib/avr5/libc.a(strnlen.o)
                                         0xa8 (size before relaxing)
 .stab          0x0000000000001ce0      0x1d4 /usr/lib/gcc/avr/4.7.2/../../../avr/lib/avr5/libc.a(fputc.o)
                                        0x3b4 (size before relaxing)
 .stab          0x0000000000001eb4      0x480 /usr/lib/gcc/avr/4.7.2/../../../avr/lib/avr5/libc.a(ultoa_invert.o)
                                        0x48c (size before relaxing)

.stabstr        0x0000000000000000      0xcdf
 *(.stabstr)
 .stabstr       0x0000000000000000      0xcdf /usr/lib/gcc/avr/4.7.2/../../../avr/lib/avr5/crtm328p.o

.stab.excl
 *(.stab.excl)

.stab.exclstr
 *(.stab.exclstr)

.stab.index
 *(.stab.index)

.stab.indexstr
 *(.stab.indexstr)

.comment        0x0000000000000000       0x22
 *(.comment)
 .comment       0x0000000000000000       0x11 ./usermods/example.o
                                         0x12 (size before relaxing)
 .comment       0x0000000000000000       0x12 ./usermods/motores.o
 .comment       0x0000000000000000       0x12 ./usermods/myDelay.o
 .comment       0x0000000000000000       0x12 ./usermods/robot.o
 .comment       0x0000000000000000       0x12 ./usermods/sensorIR.o
 .comment       0x0000000000000000       0x12 ./usermods/uart.o
 .comment       0x0000000000000000       0x12 ./usermods/ultrasom.o
 .comment       0x0000000000000000       0x12 ./usermods/ultrasom_stepper.o
 .comment       0x0000000000000000       0x12 ./sysmods/adc.o
 .comment       0x0000000000000000       0x12 ./sysmods/digitalrw.o
 .comment       0x0000000000000000       0x12 ./sysmods/led.o
 .comment       0x0000000000000000       0x12 ./sysmods/list.o
 .comment       0x0000000000000000       0x12 ./sysmods/pwm.o
 .comment       0x0000000000000000       0x12 ./sysmods/time.o
 .comment       0x0000000000000000       0x12 ./sysmods/uart.o
 .comment       0x0000000000000000       0x12 ./main.o
 .comment       0x0000000000000000       0x12 /usr/lib/gcc/avr/4.7.2/avr5/libgcc.a(_mul_sf.o)
 .comment       0x0000000000000000       0x12 /usr/lib/gcc/avr/4.7.2/avr5/libgcc.a(_div_sf.o)
 .comment       0x0000000000000000       0x12 /usr/lib/gcc/avr/4.7.2/avr5/libgcc.a(_gt_sf.o)
 .comment       0x0000000000000000       0x12 /usr/lib/gcc/avr/4.7.2/avr5/libgcc.a(_si_to_sf.o)
 .comment       0x0000000000000000       0x12 /usr/lib/gcc/avr/4.7.2/avr5/libgcc.a(_sf_to_si.o)
 .comment       0x0000000000000000       0x12 /usr/lib/gcc/avr/4.7.2/avr5/libgcc.a(_thenan_sf.o)
 .comment       0x0000000000000000       0x12 /usr/lib/gcc/avr/4.7.2/avr5/libgcc.a(_pack_sf.o)
 .comment       0x0000000000000000       0x12 /usr/lib/gcc/avr/4.7.2/avr5/libgcc.a(_unpack_sf.o)
 .comment       0x0000000000000000       0x12 /usr/lib/gcc/avr/4.7.2/avr5/libgcc.a(_fpcmp_parts_sf.o)
 .comment       0x0000000000000011       0x11 /usr/lib/gcc/avr/4.7.2/../../../avr/lib/avr5/libc.a(malloc.o)
                                         0x12 (size before relaxing)
 .comment       0x0000000000000000       0x12 /usr/lib/gcc/avr/4.7.2/../../../avr/lib/avr5/libc.a(iob.o)
 .comment       0x0000000000000000       0x12 /usr/lib/gcc/avr/4.7.2/../../../avr/lib/avr5/libc.a(printf.o)
 .comment       0x0000000000000000       0x12 /usr/lib/gcc/avr/4.7.2/../../../avr/lib/avr5/libc.a(vfprintf_std.o)
 .comment       0x0000000000000000       0x12 /usr/lib/gcc/avr/4.7.2/../../../avr/lib/avr5/libc.a(fputc.o)

.debug
 *(.debug)

.line
 *(.line)

.debug_srcinfo
 *(.debug_srcinfo)

.debug_sfnames
 *(.debug_sfnames)

.debug_aranges
 *(.debug_aranges)

.debug_pubnames
 *(.debug_pubnames)

.debug_info
 *(.debug_info)
 *(.gnu.linkonce.wi.*)

.debug_abbrev
 *(.debug_abbrev)

.debug_line
 *(.debug_line)

.debug_frame
 *(.debug_frame)

.debug_str
 *(.debug_str)

.debug_loc
 *(.debug_loc)

.debug_macinfo
 *(.debug_macinfo)
OUTPUT(robot_aic_os.elf elf32-avr)
LOAD linker stubs
