   1               		.file	"uart.c"
   2               	__SP_H__ = 0x3e
   3               	__SP_L__ = 0x3d
   4               	__SREG__ = 0x3f
   5               	__tmp_reg__ = 0
   6               	__zero_reg__ = 1
   7               		.text
   8               	.global	UART_putchar
  10               	UART_putchar:
  11 0000 CF93      		push r28
  12               	/* prologue: function */
  13               	/* frame size = 0 */
  14               	/* stack size = 1 */
  15               	.L__stack_usage = 1
  16 0002 C82F      		mov r28,r24
  17 0004 8A30      		cpi r24,lo8(10)
  18 0006 01F4      		brne .L6
  19 0008 8DE0      		ldi r24,lo8(13)
  20 000a 0E94 0000 		call UART_putchar
  21               	.L6:
  22 000e 8091 C000 		lds r24,192
  23 0012 85FF      		sbrs r24,5
  24 0014 00C0      		rjmp .L6
  25 0016 C093 C600 		sts 198,r28
  26               	/* epilogue start */
  27 001a CF91      		pop r28
  28 001c 0895      		ret
  30               	.global	UART_getchar
  32               	UART_getchar:
  33               	/* prologue: function */
  34               	/* frame size = 0 */
  35               	/* stack size = 0 */
  36               	.L__stack_usage = 0
  37               	.L10:
  38 001e 8091 C000 		lds r24,192
  39 0022 87FF      		sbrs r24,7
  40 0024 00C0      		rjmp .L10
  41 0026 8091 C600 		lds r24,198
  42 002a 0895      		ret
  44               	.global	UART_init
  46               	UART_init:
  47               	/* prologue: function */
  48               	/* frame size = 0 */
  49               	/* stack size = 0 */
  50               	.L__stack_usage = 0
  51 002c 80E0      		ldi r24,lo8(UART_output)
  52 002e 90E0      		ldi r25,hi8(UART_output)
  53 0030 9093 0000 		sts __iob+2+1,r25
  54 0034 8093 0000 		sts __iob+2,r24
  55 0038 80E0      		ldi r24,lo8(UART_input)
  56 003a 90E0      		ldi r25,hi8(UART_input)
  57 003c 9093 0000 		sts __iob+1,r25
  58 0040 8093 0000 		sts __iob,r24
  59 0044 1092 C500 		sts 197,__zero_reg__
  60 0048 87E6      		ldi r24,lo8(103)
  61 004a 8093 C400 		sts 196,r24
  62 004e E0EC      		ldi r30,lo8(-64)
  63 0050 F0E0      		ldi r31,0
  64 0052 8081      		ld r24,Z
  65 0054 8D7F      		andi r24,lo8(-3)
  66 0056 8083      		st Z,r24
  67 0058 86E0      		ldi r24,lo8(6)
  68 005a 8093 C200 		sts 194,r24
  69 005e 88E1      		ldi r24,lo8(24)
  70 0060 8093 C100 		sts 193,r24
  71 0064 0895      		ret
  73               	.global	UART_input
  74               		.data
  77               	UART_input:
  78 0000 0000 00   		.zero	3
  79 0003 01        		.byte	1
  80 0004 0000 0000 		.zero	4
  81 0008 0000      		.word	0
  82 000a 0000      		.word	gs(UART_getchar)
  83 000c 0000      		.word	0
  84               	.global	UART_output
  87               	UART_output:
  88 000e 0000 00   		.zero	3
  89 0011 02        		.byte	2
  90 0012 0000 0000 		.zero	4
  91 0016 0000      		.word	gs(UART_putchar)
  92 0018 0000      		.word	0
  93 001a 0000      		.word	0
  94               		.ident	"GCC: (GNU) 4.7.2"
  95               	.global __do_copy_data
DEFINED SYMBOLS
                            *ABS*:0000000000000000 uart.c
     /tmp/cc1oX03K.s:2      *ABS*:000000000000003e __SP_H__
     /tmp/cc1oX03K.s:3      *ABS*:000000000000003d __SP_L__
     /tmp/cc1oX03K.s:4      *ABS*:000000000000003f __SREG__
     /tmp/cc1oX03K.s:5      *ABS*:0000000000000000 __tmp_reg__
     /tmp/cc1oX03K.s:6      *ABS*:0000000000000001 __zero_reg__
     /tmp/cc1oX03K.s:10     .text:0000000000000000 UART_putchar
     /tmp/cc1oX03K.s:32     .text:000000000000001e UART_getchar
     /tmp/cc1oX03K.s:46     .text:000000000000002c UART_init
     /tmp/cc1oX03K.s:87     .data:000000000000000e UART_output
     /tmp/cc1oX03K.s:77     .data:0000000000000000 UART_input

UNDEFINED SYMBOLS
__iob
__do_copy_data
